configure.ac:191: installing './compile'
src/Makefile.am:703: warning: vsid_LDFLAGS was already defined in condition TRUE, which includes condition HAVE_DEBUG and MACOS_COMPILE ...
configure.ac:3297: ... 'vsid_LDFLAGS' previously defined here
src/Makefile.am:705: warning: vsid_LDFLAGS was already defined in condition TRUE, which includes condition HAVE_DEBUG and !MACOS_COMPILE ...
src/Makefile.am:703: ... 'vsid_LDFLAGS' previously defined here
src/Makefile.am:761: warning: x64_LDFLAGS was already defined in condition TRUE, which includes condition HAVE_DEBUG and MACOS_COMPILE ...
configure.ac:3298: ... 'x64_LDFLAGS' previously defined here
src/Makefile.am:763: warning: x64_LDFLAGS was already defined in condition TRUE, which includes condition HAVE_DEBUG and !MACOS_COMPILE ...
src/Makefile.am:761: ... 'x64_LDFLAGS' previously defined here
src/Makefile.am:941: warning: xscpu64_LDFLAGS was already defined in condition TRUE, which includes condition HAVE_DEBUG and MACOS_COMPILE ...
configure.ac:3300: ... 'xscpu64_LDFLAGS' previously defined here
src/Makefile.am:943: warning: xscpu64_LDFLAGS was already defined in condition TRUE, which includes condition HAVE_DEBUG and !MACOS_COMPILE ...
src/Makefile.am:941: ... 'xscpu64_LDFLAGS' previously defined here
src/Makefile.am:1003: warning: x128_LDFLAGS was already defined in condition TRUE, which includes condition HAVE_DEBUG and MACOS_COMPILE ...
configure.ac:3299: ... 'x128_LDFLAGS' previously defined here
src/Makefile.am:1005: warning: x128_LDFLAGS was already defined in condition TRUE, which includes condition HAVE_DEBUG and !MACOS_COMPILE ...
src/Makefile.am:1003: ... 'x128_LDFLAGS' previously defined here
src/Makefile.am:1059: warning: xvic_LDFLAGS was already defined in condition TRUE, which includes condition HAVE_DEBUG and MACOS_COMPILE ...
configure.ac:3301: ... 'xvic_LDFLAGS' previously defined here
src/Makefile.am:1061: warning: xvic_LDFLAGS was already defined in condition TRUE, which includes condition HAVE_DEBUG and !MACOS_COMPILE ...
src/Makefile.am:1059: ... 'xvic_LDFLAGS' previously defined here
src/Makefile.am:1114: warning: xpet_LDFLAGS was already defined in condition TRUE, which includes condition HAVE_DEBUG and MACOS_COMPILE ...
configure.ac:3302: ... 'xpet_LDFLAGS' previously defined here
src/Makefile.am:1116: warning: xpet_LDFLAGS was already defined in condition TRUE, which includes condition HAVE_DEBUG and !MACOS_COMPILE ...
src/Makefile.am:1114: ... 'xpet_LDFLAGS' previously defined here
src/Makefile.am:1177: warning: xplus4_LDFLAGS was already defined in condition TRUE, which includes condition HAVE_DEBUG and MACOS_COMPILE ...
configure.ac:3303: ... 'xplus4_LDFLAGS' previously defined here
src/Makefile.am:1179: warning: xplus4_LDFLAGS was already defined in condition TRUE, which includes condition HAVE_DEBUG and !MACOS_COMPILE ...
src/Makefile.am:1177: ... 'xplus4_LDFLAGS' previously defined here
src/Makefile.am:1233: warning: xcbm2_LDFLAGS was already defined in condition TRUE, which includes condition HAVE_DEBUG and MACOS_COMPILE ...
configure.ac:3304: ... 'xcbm2_LDFLAGS' previously defined here
src/Makefile.am:1235: warning: xcbm2_LDFLAGS was already defined in condition TRUE, which includes condition HAVE_DEBUG and !MACOS_COMPILE ...
src/Makefile.am:1233: ... 'xcbm2_LDFLAGS' previously defined here
configure.ac: installing './ylwrap'
