This file contains any messages produced by compilers while
running configure, to aid debugging if configure makes a mistake.

It was created by libresidfp configure 1.0.2, which was
generated by GNU Autoconf 2.73.  Invocation command line was

  $ ./configure --prefix=/ucrt64 --disable-option-checking --host=i686-w64-mingw32 --enable-native-tools host_alias=i686-w64-mingw32 --disable-option-checking --disable-tests --srcdir=. --cache-file=/dev/null

## --------- ##
## Platform. ##
## --------- ##

hostname = LAPTOP-0BS9KNOH
uname -m = x86_64
uname -r = 3.6.9-01d6c708.x86_64
uname -s = MINGW64_NT-10.0-19045
uname -v = 2026-05-24 10:45 UTC

/usr/bin/uname -p = unknown
/bin/uname -X     = unknown

/bin/arch              = x86_64
/usr/bin/arch -k       = unknown
/usr/convex/getsysinfo = unknown
/usr/bin/hostinfo      = unknown
/bin/machine           = unknown
/usr/bin/oslevel       = unknown
/bin/universe          = unknown

PATH: /ucrt64/bin/
PATH: /usr/local/bin/
PATH: /usr/bin/
PATH: /bin/
PATH: /c/Windows/System32/
PATH: /c/Windows/
PATH: /c/Windows/System32/Wbem/
PATH: /c/Windows/System32/WindowsPowerShell/v1.0/
PATH: /usr/bin/site_perl/
PATH: /usr/bin/vendor_perl/
PATH: /usr/bin/core_perl/


## ----------- ##
## Core tests. ##
## ----------- ##

configure:2464: loading site script /etc/config.site
| # This file is in public domain.
| # Original author: Karlson2k (Evgeny Grin)
| # Written for MSys2 to help running 'configure' scripts
| 
| # Defaults for MSys2/MinGW64-targeted programs
| 
| # Set proper selfname on bash and fallback to default name on other shells
| test -n "${BASH_SOURCE}" 2>/dev/null && config_site_me="${BASH_SOURCE[0]##*/}" || config_site_me=config.site
| 
| # Set default 'host' to speedup configure
| if test -z "$build_alias"; then
|   build_alias="${MSYSTEM_CHOST}"  && \
|     ${as_echo-echo} "$config_site_me:${as_lineno-$LINENO}: default build_alias set to $build_alias" >&5
| fi
| 
| # Set default 'prefix'
| if ( test -z "$prefix" || test "x$prefix" = "xNONE" ) && \
|     ( test -z "$exec_prefix" || test "x$exec_prefix" = "xNONE" ); then
|   prefix="${MSYSTEM_PREFIX}" && \
|     ${as_echo-echo} "$config_site_me:${as_lineno-$LINENO}: default prefix set to $prefix" >&5
| fi
config.site:13: default build_alias set to x86_64-w64-mingw32
configure:2933: looking for aux files: compile ltmain.sh config.guess config.sub missing install-sh
configure:2946:  trying ./build-aux/
configure:2975:   ./build-aux/compile found
configure:2975:   ./build-aux/ltmain.sh found
configure:2975:   ./build-aux/config.guess found
configure:2975:   ./build-aux/config.sub found
configure:2975:   ./build-aux/missing found
configure:2957:   ./build-aux/install-sh found
configure:3131: checking for a BSD-compatible install
configure:3205: result: /usr/bin/install -c
configure:3216: checking whether sleep supports fractional seconds
configure:3232: result: yes
configure:3235: checking filesystem timestamp resolution
configure:3370: result: 0.01
configure:3375: checking whether build environment is sane
configure:3420: result: yes
configure:3486: checking for i686-w64-mingw32-strip
configure:3522: result: no
configure:3532: checking for strip
configure:3553: found /ucrt64/bin/strip
configure:3565: result: strip
configure:3591: checking for a race-free mkdir -p
configure:3634: result: /usr/bin/mkdir -p
configure:3641: checking for gawk
configure:3662: found /usr/bin/gawk
configure:3674: result: gawk
configure:3685: checking whether make sets $(MAKE)
configure:3709: result: yes
configure:3735: checking whether make supports nested variables
configure:3754: result: yes
configure:3768: checking xargs -n works
configure:3784: result: yes
configure:3869: checking whether UID '197609' is supported by ustar format
configure:3875: result: yes
configure:3882: checking whether GID '197121' is supported by ustar format
configure:3888: result: yes
configure:3896: checking how to create a ustar tar archive
configure:3907: tar --version
tar (GNU tar) 1.35
Copyright (C) 2023 Free Software Foundation, Inc.
License GPLv3+: GNU GPL version 3 or later <https://gnu.org/licenses/gpl.html>.
This is free software: you are free to change and redistribute it.
There is NO WARRANTY, to the extent permitted by law.

Written by John Gilmore and Jay Fenlason.
configure:3910: $? = 0
configure:3950: tardir=conftest.dir && eval tar --format=ustar -chf - "$tardir" >conftest.tar
configure:3953: $? = 0
configure:3957: tar -xf - <conftest.tar
configure:3960: $? = 0
configure:3962: cat conftest.dir/file
GrepMe
configure:3965: $? = 0
configure:3980: result: gnutar
configure:4025: checking build system type
configure:4041: result: x86_64-w64-mingw32
configure:4061: checking host system type
configure:4076: result: i686-w64-mingw32
configure:4170: checking how to print strings
configure:4197: result: printf
configure:4234: checking whether make supports the include directive
configure:4249: make -f confmf.GNU && cat confinc.out
this is the am__doit target
configure:4252: $? = 0
configure:4271: result: yes (GNU style)
configure:4302: checking for i686-w64-mingw32-gcc
configure:4338: result: no
configure:4348: checking for gcc
configure:4369: found /ucrt64/bin/gcc
configure:4381: result: gcc
configure:4740: checking for C compiler version
configure:4749: gcc --version >&5
gcc.exe (Rev5, Built by MSYS2 project) 16.1.0
Copyright (C) 2026 Free Software Foundation, Inc.
This is free software; see the source for copying conditions.  There is NO
warranty; not even for MERCHANTABILITY or FITNESS FOR A PARTICULAR PURPOSE.

configure:4760: $? = 0
configure:4749: gcc -v >&5
Using built-in specs.
COLLECT_GCC=C:\msys64\ucrt64\bin\gcc.exe
COLLECT_LTO_WRAPPER=C:/msys64/ucrt64/bin/../lib/gcc/x86_64-w64-mingw32/16.1.0/lto-wrapper.exe
Target: x86_64-w64-mingw32
Configured with: ../gcc-16.1.0/configure --prefix=/ucrt64 --with-local-prefix=/ucrt64/local --libexecdir=/ucrt64/lib --enable-bootstrap --enable-checking=release --with-arch=nocona --with-tune=generic --enable-mingw-wildcard --enable-languages=c,c++,ada,fortran,lto,objc,obj-c++,jit --enable-shared --enable-static --enable-libatomic --enable-threads=posix --enable-tls --enable-graphite --enable-fully-dynamic-string --enable-libstdcxx-backtrace=yes --enable-libstdcxx-filesystem-ts --enable-libstdcxx-time --disable-libstdcxx-pch --enable-libgomp --disable-libssp --disable-multilib --disable-rpath --disable-win32-registry --disable-nls --disable-werror --disable-symvers --with-libiconv --with-system-zlib --with-gmp=/ucrt64 --with-mpfr=/ucrt64 --with-mpc=/ucrt64 --with-isl=/ucrt64 --with-pkgversion='Rev5, Built by MSYS2 project' --with-bugurl=https://github.com/msys2/MINGW-packages/issues --with-gnu-as --with-gnu-ld --with-libstdcxx-zoneinfo=yes --disable-libstdcxx-debug --enable-lto --with-boot-ldflags=-static-libstdc++ --with-stage1-ldflags=-static-libstdc++
Thread model: posix
Supported LTO compression algorithms: zlib zstd
gcc version 16.1.0 (Rev5, Built by MSYS2 project) 
configure:4760: $? = 0
configure:4749: gcc -V >&5
gcc.exe: error: unrecognized command-line option '-V'
gcc.exe: fatal error: no input files
compilation terminated.
configure:4760: $? = 1
configure:4749: gcc -qversion >&5
gcc.exe: error: unrecognized command-line option '-qversion'; did you mean '--version'?
gcc.exe: fatal error: no input files
compilation terminated.
configure:4760: $? = 1
configure:4749: gcc -version >&5
gcc.exe: error: unrecognized command-line option '-version'
gcc.exe: fatal error: no input files
compilation terminated.
configure:4760: $? = 1
configure:4780: checking whether the C compiler works
configure:4802: gcc    conftest.c  >&5
configure:4806: $? = 0
configure:4857: result: yes
configure:4861: checking for C compiler default output file name
configure:4863: result: a.exe
configure:4869: checking for suffix of executables
configure:4876: gcc -o conftest.exe    conftest.c  >&5
configure:4880: $? = 0
configure:4904: result: .exe
configure:4928: checking whether we are cross compiling
configure:4936: gcc -o conftest.exe    conftest.c  >&5
configure:4940: $? = 0
configure:4947: ./conftest.exe
configure:4951: $? = 0
configure:4966: result: no
configure:4972: checking for suffix of object files
configure:4995: gcc -c   conftest.c >&5
configure:4999: $? = 0
configure:5023: result: o
configure:5027: checking whether the compiler supports GNU C
configure:5047: gcc -c   conftest.c >&5
configure:5047: $? = 0
configure:5059: result: yes
configure:5070: checking whether gcc accepts -g
configure:5091: gcc -c -g  conftest.c >&5
configure:5091: $? = 0
configure:5138: result: yes
configure:5158: checking for gcc option to enable C23 features
configure:5173: gcc  -c -g -O2  conftest.c >&5
conftest.c:74:11: error: unknown type name 'nullptr_t'
   74 | constexpr nullptr_t null_pointer = nullptr;
      |           ^~~~~~~~~
conftest.c:74:36: error: incompatible types when initializing type 'int' using type 'typeof (nullptr)'
   74 | constexpr nullptr_t null_pointer = nullptr;
      |                                    ^~~~~~~
configure:5173: $? = 1
configure: failed program was:
| /* confdefs.h */
| #define PACKAGE_NAME "libresidfp"
| #define PACKAGE_TARNAME "libresidfp"
| #define PACKAGE_VERSION "1.0.2"
| #define PACKAGE_STRING "libresidfp 1.0.2"
| #define PACKAGE_BUGREPORT ""
| #define PACKAGE_URL "https://github.com/libsidplayfp/libresidfp/"
| #define PACKAGE "libresidfp"
| #define VERSION "1.0.2"
| /* end confdefs.h.  */
| 
| /* Does the compiler advertise conformance to C17 or earlier?
|    Although GCC 14 does not do that, even with -std=gnu23,
|    it is close enough, and defines __STDC_VERSION == 202000L.  */
| #if !defined __STDC_VERSION__ || __STDC_VERSION__ <= 201710L
| # error "Compiler advertises conformance to C17 or earlier"
| #endif
| 
| // Check alignas.
| char alignas (double) c23_aligned_as_double;
| char alignas (0) c23_no_special_alignment;
| extern char c23_aligned_as_int;
| char alignas (0) alignas (int) c23_aligned_as_int;
| 
| // Check alignof.
| enum
| {
|   c23_int_alignment = alignof (int),
|   c23_int_array_alignment = alignof (int[100]),
|   c23_char_alignment = alignof (char)
| };
| static_assert (0 < -alignof (int), "alignof is signed");
| 
| int function_with_unnamed_parameter (int) { return 0; }
| 
| void c23_noreturn ();
| 
| /* Test parsing of string and char UTF-8 literals (including hex escapes).
|    The parens pacify GCC 15.  */
| bool use_u8 = (!sizeof u8"\xFF") == (!u8'x');
| 
| bool check_that_bool_works = true | false | !nullptr;
| #if !true
| # error "true does not work in #if"
| #endif
| #if false
| #elifdef __STDC_VERSION__
| #else
| # error "#elifdef does not work"
| #endif
| 
| #ifndef __has_c_attribute
| # error "__has_c_attribute not defined"
| #endif
| 
| #ifndef __has_include
| # error "__has_include not defined"
| #endif
| 
| #define LPAREN() (
| #define FORTY_TWO(x) 42
| #define VA_OPT_TEST(r, x, ...) __VA_OPT__ (FORTY_TWO r x))
| static_assert (VA_OPT_TEST (LPAREN (), 0, <:-) == 42);
| 
| static_assert (0b101010 == 42);
| static_assert (0B101010 == 42);
| static_assert (0xDEAD'BEEF == 3'735'928'559);
| static_assert (0.500'000'000 == 0.5);
| 
| enum unsignedish : unsigned int { uione = 1 };
| static_assert (0 < -uione);
| 
| #include <stddef.h>
| constexpr nullptr_t null_pointer = nullptr;
| 
| static typeof (1 + 1L) two () { return 2; }
| static long int three () { return 3; }
| 
| 
| int
| main (int, char **)
| {
|   int ok = 0;
|   
|   {
|     label_before_declaration:
|       int arr[10] = {};
|       if (arr[0])
|         goto label_before_declaration;
|       if (!arr[0])
|         goto label_at_end_of_block;
|     label_at_end_of_block:
|   }
|   ok |= !null_pointer;
|   ok |= two != three;
| 
|   return ok;
| }
| 
configure:5173: gcc -std=gnu23 -c -g -O2  conftest.c >&5
conftest.c:74:11: error: unknown type name 'nullptr_t'
   74 | constexpr nullptr_t null_pointer = nullptr;
      |           ^~~~~~~~~
conftest.c:74:36: error: incompatible types when initializing type 'int' using type 'typeof (nullptr)'
   74 | constexpr nullptr_t null_pointer = nullptr;
      |                                    ^~~~~~~
configure:5173: $? = 1
configure: failed program was:
| /* confdefs.h */
| #define PACKAGE_NAME "libresidfp"
| #define PACKAGE_TARNAME "libresidfp"
| #define PACKAGE_VERSION "1.0.2"
| #define PACKAGE_STRING "libresidfp 1.0.2"
| #define PACKAGE_BUGREPORT ""
| #define PACKAGE_URL "https://github.com/libsidplayfp/libresidfp/"
| #define PACKAGE "libresidfp"
| #define VERSION "1.0.2"
| /* end confdefs.h.  */
| 
| /* Does the compiler advertise conformance to C17 or earlier?
|    Although GCC 14 does not do that, even with -std=gnu23,
|    it is close enough, and defines __STDC_VERSION == 202000L.  */
| #if !defined __STDC_VERSION__ || __STDC_VERSION__ <= 201710L
| # error "Compiler advertises conformance to C17 or earlier"
| #endif
| 
| // Check alignas.
| char alignas (double) c23_aligned_as_double;
| char alignas (0) c23_no_special_alignment;
| extern char c23_aligned_as_int;
| char alignas (0) alignas (int) c23_aligned_as_int;
| 
| // Check alignof.
| enum
| {
|   c23_int_alignment = alignof (int),
|   c23_int_array_alignment = alignof (int[100]),
|   c23_char_alignment = alignof (char)
| };
| static_assert (0 < -alignof (int), "alignof is signed");
| 
| int function_with_unnamed_parameter (int) { return 0; }
| 
| void c23_noreturn ();
| 
| /* Test parsing of string and char UTF-8 literals (including hex escapes).
|    The parens pacify GCC 15.  */
| bool use_u8 = (!sizeof u8"\xFF") == (!u8'x');
| 
| bool check_that_bool_works = true | false | !nullptr;
| #if !true
| # error "true does not work in #if"
| #endif
| #if false
| #elifdef __STDC_VERSION__
| #else
| # error "#elifdef does not work"
| #endif
| 
| #ifndef __has_c_attribute
| # error "__has_c_attribute not defined"
| #endif
| 
| #ifndef __has_include
| # error "__has_include not defined"
| #endif
| 
| #define LPAREN() (
| #define FORTY_TWO(x) 42
| #define VA_OPT_TEST(r, x, ...) __VA_OPT__ (FORTY_TWO r x))
| static_assert (VA_OPT_TEST (LPAREN (), 0, <:-) == 42);
| 
| static_assert (0b101010 == 42);
| static_assert (0B101010 == 42);
| static_assert (0xDEAD'BEEF == 3'735'928'559);
| static_assert (0.500'000'000 == 0.5);
| 
| enum unsignedish : unsigned int { uione = 1 };
| static_assert (0 < -uione);
| 
| #include <stddef.h>
| constexpr nullptr_t null_pointer = nullptr;
| 
| static typeof (1 + 1L) two () { return 2; }
| static long int three () { return 3; }
| 
| 
| int
| main (int, char **)
| {
|   int ok = 0;
|   
|   {
|     label_before_declaration:
|       int arr[10] = {};
|       if (arr[0])
|         goto label_before_declaration;
|       if (!arr[0])
|         goto label_at_end_of_block;
|     label_at_end_of_block:
|   }
|   ok |= !null_pointer;
|   ok |= two != three;
| 
|   return ok;
| }
| 
configure:5187: result: unsupported
configure:5207: checking for gcc option to enable C11 features
configure:5222: gcc  -c -g -O2  conftest.c >&5
configure:5222: $? = 0
configure:5241: result: none needed
configure:5365: checking whether gcc understands -c and -o together
configure:5388: gcc -c conftest.c -o conftest2.o
configure:5391: $? = 0
configure:5388: gcc -c conftest.c -o conftest2.o
configure:5391: $? = 0
configure:5407: result: yes
configure:5426: checking dependency style of gcc
configure:5539: result: gcc3
configure:5554: checking for a sed that does not truncate output
configure:5626: result: /usr/bin/sed
configure:5644: checking for grep that handles long lines and -e
configure:5710: result: /usr/bin/grep
configure:5715: checking for egrep
configure:5785: result: /usr/bin/grep -E
configure:5792: checking for fgrep
configure:5862: result: /usr/bin/grep -F
configure:5899: checking for ld used by gcc
configure:5968: result: C:/msys64/ucrt64/x86_64-w64-mingw32/bin/ld.exe
configure:5975: checking if the linker (C:/msys64/ucrt64/x86_64-w64-mingw32/bin/ld.exe) is GNU ld
configure:5992: result: yes
configure:6004: checking for BSD- or MS-compatible name lister (nm)
configure:6060: result: no
configure:6074: checking for i686-w64-mingw32-dumpbin
configure:6110: result: no
configure:6074: checking for i686-w64-mingw32-link
configure:6110: result: no
configure:6124: checking for dumpbin
configure:6160: result: no
configure:6124: checking for link
configure:6145: found /usr/bin/link
configure:6157: result: link -dump
configure:6202: checking the name lister (nm) interface
configure:6210: gcc -c -g -O2  conftest.c >&5
configure:6213: nm "conftest.o"
configure:6216: output
0000000000000000 b .bss
0000000000000000 d .data
0000000000000000 N .debug_abbrev
0000000000000000 N .debug_aranges
0000000000000000 N .debug_info
0000000000000000 N .debug_line
0000000000000000 N .debug_line_str
0000000000000000 r .rdata$zzz
0000000000000000 t .text
0000000000000000 B some_variable
configure:6224: result: BSD nm
configure:6227: checking whether ln -s works
configure:6234: result: no, using cp -pR
configure:6239: checking the maximum length of command line arguments
configure:6372: result: 8192
configure:6420: checking how to convert x86_64-w64-mingw32 file names to i686-w64-mingw32 format
configure:6462: result: func_convert_file_msys_to_w32
configure:6469: checking how to convert x86_64-w64-mingw32 file names to toolchain format
configure:6491: result: func_convert_file_msys_to_w32
configure:6498: checking for C:/msys64/ucrt64/x86_64-w64-mingw32/bin/ld.exe option to reload object files
configure:6507: result: -r
configure:6541: checking for i686-w64-mingw32-file
configure:6577: result: no
configure:6587: checking for file
configure:6608: found /usr/bin/file
configure:6620: result: file
configure:6651: checking for i686-w64-mingw32-objdump
configure:6687: result: no
configure:6697: checking for objdump
configure:6718: found /ucrt64/bin/objdump
configure:6730: result: objdump
configure:6759: checking how to recognize dependent libraries
configure:6961: result: file_magic ^x86 archive import|^x86 DLL
configure:7006: checking for i686-w64-mingw32-dlltool
configure:7042: result: no
configure:7052: checking for dlltool
configure:7073: found /ucrt64/bin/dlltool
configure:7085: result: dlltool
configure:7115: checking how to associate runtime and link libraries
configure:7144: result: func_cygming_dll_for_implib
configure:7161: checking for i686-w64-mingw32-ar
configure:7197: result: no
configure:7211: checking for ar
configure:7232: found /ucrt64/bin/ar
configure:7244: result: ar
configure:7297: checking for archiver @FILE support
configure:7315: gcc -c -g -O2  conftest.c >&5
configure:7315: $? = 0
configure:7319: ar cr libconftest.a @conftest.lst >&5
configure:7322: $? = 0
configure:7327: ar cr libconftest.a @conftest.lst >&5
C:\msys64\ucrt64\bin\ar.exe: conftest.o: No such file or directory
configure:7330: $? = 1
configure:7343: result: @
configure:7361: checking for i686-w64-mingw32-strip
configure:7394: result: strip
configure:7472: checking for i686-w64-mingw32-ranlib
configure:7508: result: no
configure:7518: checking for ranlib
configure:7539: found /ucrt64/bin/ranlib
configure:7551: result: ranlib
configure:7653: checking command to parse nm output from gcc object
configure:7807: gcc -c -g -O2  conftest.c >&5
configure:7810: $? = 0
configure:7814: nm conftest.o | /usr/bin/sed -n -e 's/^.*[	 ]\([ABCDGIRSTW][ABCDGIRSTW]*\)[	 ][	 ]*\([_A-Za-z][_A-Za-z0-9]*\)\{0,1\}$/\1 \2 \2/p' | /usr/bin/sed '/ __gnu_lto/d' > conftest.nm
configure:7880: gcc -o conftest.exe -g -O2   conftest.c conftstm.o >&5
configure:7883: $? = 0
configure:7922: result: ok
configure:7969: checking for sysroot
configure:8001: result: no
configure:8008: checking for a working dd
configure:8053: result: /usr/bin/dd
configure:8057: checking how to truncate binary pipes
configure:8074: result: /usr/bin/dd bs=4096 count=1
configure:8368: checking for i686-w64-mingw32-mt
configure:8404: result: no
configure:8414: checking for mt
configure:8450: result: no
configure:8470: checking if : is a manifest tool
configure:8477: : '-?'
configure:8486: result: no
configure:9225: checking for stdio.h
configure:9225: gcc -c -g -O2  conftest.c >&5
configure:9225: $? = 0
configure:9225: result: yes
configure:9225: checking for stdlib.h
configure:9225: gcc -c -g -O2  conftest.c >&5
configure:9225: $? = 0
configure:9225: result: yes
configure:9225: checking for string.h
configure:9225: gcc -c -g -O2  conftest.c >&5
configure:9225: $? = 0
configure:9225: result: yes
configure:9225: checking for inttypes.h
configure:9225: gcc -c -g -O2  conftest.c >&5
configure:9225: $? = 0
configure:9225: result: yes
configure:9225: checking for stdint.h
configure:9225: gcc -c -g -O2  conftest.c >&5
configure:9225: $? = 0
configure:9225: result: yes
configure:9225: checking for strings.h
configure:9225: gcc -c -g -O2  conftest.c >&5
configure:9225: $? = 0
configure:9225: result: yes
configure:9225: checking for sys/stat.h
configure:9225: gcc -c -g -O2  conftest.c >&5
configure:9225: $? = 0
configure:9225: result: yes
configure:9225: checking for sys/types.h
configure:9225: gcc -c -g -O2  conftest.c >&5
configure:9225: $? = 0
configure:9225: result: yes
configure:9225: checking for unistd.h
configure:9225: gcc -c -g -O2  conftest.c >&5
configure:9225: $? = 0
configure:9225: result: yes
configure:9250: checking for dlfcn.h
configure:9250: gcc -c -g -O2  conftest.c >&5
conftest.c:50:10: fatal error: dlfcn.h: No such file or directory
   50 | #include <dlfcn.h>
      |          ^~~~~~~~~
compilation terminated.
configure:9250: $? = 1
configure: failed program was:
| /* confdefs.h */
| #define PACKAGE_NAME "libresidfp"
| #define PACKAGE_TARNAME "libresidfp"
| #define PACKAGE_VERSION "1.0.2"
| #define PACKAGE_STRING "libresidfp 1.0.2"
| #define PACKAGE_BUGREPORT ""
| #define PACKAGE_URL "https://github.com/libsidplayfp/libresidfp/"
| #define PACKAGE "libresidfp"
| #define VERSION "1.0.2"
| #define HAVE_STDIO_H 1
| #define HAVE_STDLIB_H 1
| #define HAVE_STRING_H 1
| #define HAVE_INTTYPES_H 1
| #define HAVE_STDINT_H 1
| #define HAVE_STRINGS_H 1
| #define HAVE_SYS_STAT_H 1
| #define HAVE_SYS_TYPES_H 1
| #define HAVE_UNISTD_H 1
| #define STDC_HEADERS 1
| /* end confdefs.h.  */
| #include <stddef.h>
| #ifdef HAVE_STDIO_H
| # include <stdio.h>
| #endif
| #ifdef HAVE_STDLIB_H
| # include <stdlib.h>
| #endif
| #ifdef HAVE_STRING_H
| # include <string.h>
| #endif
| #ifdef HAVE_INTTYPES_H
| # include <inttypes.h>
| #endif
| #ifdef HAVE_STDINT_H
| # include <stdint.h>
| #endif
| #ifdef HAVE_STRINGS_H
| # include <strings.h>
| #endif
| #ifdef HAVE_SYS_TYPES_H
| # include <sys/types.h>
| #endif
| #ifdef HAVE_SYS_STAT_H
| # include <sys/stat.h>
| #endif
| #ifdef HAVE_UNISTD_H
| # include <unistd.h>
| #endif
| 
| #include <dlfcn.h>
configure:9250: result: no
configure:9270: checking for i686-w64-mingw32-as
configure:9306: result: no
configure:9316: checking for as
configure:9337: found /ucrt64/bin/as
configure:9349: result: as
configure:9374: checking for i686-w64-mingw32-dlltool
configure:9407: result: dlltool
configure:9478: checking for i686-w64-mingw32-objdump
configure:9511: result: objdump
configure:9849: checking for objdir
configure:9866: result: .libs
configure:10132: checking if gcc supports -fno-rtti -fno-exceptions
configure:10151: gcc -c -g -O2  -fno-rtti -fno-exceptions conftest.c >&5
cc1.exe: warning: command-line option '-fno-rtti' is valid for C++/D/ObjC++ but not for C
configure:10155: $? = 0
configure:10169: result: no
configure:10533: checking for gcc option to produce PIC
configure:10542: result: -DDLL_EXPORT -DPIC
configure:10550: checking if gcc PIC flag -DDLL_EXPORT -DPIC works
configure:10569: gcc -c -g -O2  -DDLL_EXPORT -DPIC -DPIC conftest.c >&5
configure:10573: $? = 0
configure:10587: result: yes
configure:10616: checking if gcc static flag -static works
configure:10646: result: yes
configure:10661: checking if gcc supports -c -o file.o
configure:10683: gcc -c -g -O2  -o out/conftest2.o conftest.c >&5
configure:10687: $? = 0
configure:10710: result: yes
configure:10718: checking if gcc supports -c -o file.o
configure:10767: result: yes
configure:10800: checking whether the gcc linker (C:/msys64/ucrt64/x86_64-w64-mingw32/bin/ld.exe) supports shared libraries
configure:12079: result: yes
configure:12116: checking whether -lc should be explicitly linked in
configure:12125: gcc -c -g -O2  conftest.c >&5
configure:12128: $? = 0
configure:12143: gcc -shared conftest.o  -v -o ./conftest -Wl,--enable-auto-image-base -Xlinker --out-implib -Xlinker conftest 2\>\&1 \| /usr/bin/grep  -lc  \>/dev/null 2\>\&1
configure:12146: $? = 1
configure:12161: result: yes
configure:12321: checking dynamic linker characteristics
configure:13155: result: Win32 ld.exe
configure:13277: checking how to hardcode library paths into programs
configure:13302: result: immediate
configure:13902: checking whether stripping libraries is possible
configure:13911: result: yes
configure:13953: checking if libtool supports shared libraries
configure:13955: result: yes
configure:13958: checking whether to build shared libraries
configure:13983: result: yes
configure:13986: checking whether to build static libraries
configure:13990: result: yes
configure:14042: checking for i686-w64-mingw32-g++
configure:14078: result: no
configure:14042: checking for i686-w64-mingw32-c++
configure:14078: result: no
configure:14042: checking for i686-w64-mingw32-gpp
configure:14078: result: no
configure:14042: checking for i686-w64-mingw32-aCC
configure:14078: result: no
configure:14042: checking for i686-w64-mingw32-CC
configure:14078: result: no
configure:14042: checking for i686-w64-mingw32-cxx
configure:14078: result: no
configure:14042: checking for i686-w64-mingw32-cc++
configure:14078: result: no
configure:14042: checking for i686-w64-mingw32-cl.exe
configure:14078: result: no
configure:14042: checking for i686-w64-mingw32-FCC
configure:14078: result: no
configure:14042: checking for i686-w64-mingw32-KCC
configure:14078: result: no
configure:14042: checking for i686-w64-mingw32-RCC
configure:14078: result: no
configure:14042: checking for i686-w64-mingw32-xlC_r
configure:14078: result: no
configure:14042: checking for i686-w64-mingw32-xlC
configure:14078: result: no
configure:14042: checking for i686-w64-mingw32-clang++
configure:14078: result: no
configure:14092: checking for g++
configure:14113: found /ucrt64/bin/g++
configure:14125: result: g++
configure:14152: checking for C++ compiler version
configure:14161: g++ --version >&5
g++.exe (Rev5, Built by MSYS2 project) 16.1.0
Copyright (C) 2026 Free Software Foundation, Inc.
This is free software; see the source for copying conditions.  There is NO
warranty; not even for MERCHANTABILITY or FITNESS FOR A PARTICULAR PURPOSE.

configure:14172: $? = 0
configure:14161: g++ -v >&5
Using built-in specs.
COLLECT_GCC=C:\msys64\ucrt64\bin\g++.exe
COLLECT_LTO_WRAPPER=C:/msys64/ucrt64/bin/../lib/gcc/x86_64-w64-mingw32/16.1.0/lto-wrapper.exe
Target: x86_64-w64-mingw32
Configured with: ../gcc-16.1.0/configure --prefix=/ucrt64 --with-local-prefix=/ucrt64/local --libexecdir=/ucrt64/lib --enable-bootstrap --enable-checking=release --with-arch=nocona --with-tune=generic --enable-mingw-wildcard --enable-languages=c,c++,ada,fortran,lto,objc,obj-c++,jit --enable-shared --enable-static --enable-libatomic --enable-threads=posix --enable-tls --enable-graphite --enable-fully-dynamic-string --enable-libstdcxx-backtrace=yes --enable-libstdcxx-filesystem-ts --enable-libstdcxx-time --disable-libstdcxx-pch --enable-libgomp --disable-libssp --disable-multilib --disable-rpath --disable-win32-registry --disable-nls --disable-werror --disable-symvers --with-libiconv --with-system-zlib --with-gmp=/ucrt64 --with-mpfr=/ucrt64 --with-mpc=/ucrt64 --with-isl=/ucrt64 --with-pkgversion='Rev5, Built by MSYS2 project' --with-bugurl=https://github.com/msys2/MINGW-packages/issues --with-gnu-as --with-gnu-ld --with-libstdcxx-zoneinfo=yes --disable-libstdcxx-debug --enable-lto --with-boot-ldflags=-static-libstdc++ --with-stage1-ldflags=-static-libstdc++
Thread model: posix
Supported LTO compression algorithms: zlib zstd
gcc version 16.1.0 (Rev5, Built by MSYS2 project) 
configure:14172: $? = 0
configure:14161: g++ -V >&5
g++.exe: error: unrecognized command-line option '-V'
g++.exe: fatal error: no input files
compilation terminated.
configure:14172: $? = 1
configure:14161: g++ -qversion >&5
g++.exe: error: unrecognized command-line option '-qversion'; did you mean '--version'?
g++.exe: fatal error: no input files
compilation terminated.
configure:14172: $? = 1
configure:14176: checking whether the compiler supports GNU C++
configure:14196: g++ -c   conftest.cpp >&5
configure:14196: $? = 0
configure:14208: result: yes
configure:14219: checking whether g++ accepts -g
configure:14240: g++ -c -g  conftest.cpp >&5
configure:14240: $? = 0
configure:14287: result: yes
configure:14312: checking dependency style of g++
configure:14425: result: gcc3
configure:14458: checking how to run the C++ preprocessor
configure:14480: g++ -E  conftest.cpp
configure:14480: $? = 0
configure:14496: g++ -E  conftest.cpp
conftest.cpp:22:10: fatal error: ac_nonexistent.h: No such file or directory
   22 | #include <ac_nonexistent.h>
      |          ^~~~~~~~~~~~~~~~~~
compilation terminated.
configure:14496: $? = 1
configure: failed program was:
| /* confdefs.h */
| #define PACKAGE_NAME "libresidfp"
| #define PACKAGE_TARNAME "libresidfp"
| #define PACKAGE_VERSION "1.0.2"
| #define PACKAGE_STRING "libresidfp 1.0.2"
| #define PACKAGE_BUGREPORT ""
| #define PACKAGE_URL "https://github.com/libsidplayfp/libresidfp/"
| #define PACKAGE "libresidfp"
| #define VERSION "1.0.2"
| #define HAVE_STDIO_H 1
| #define HAVE_STDLIB_H 1
| #define HAVE_STRING_H 1
| #define HAVE_INTTYPES_H 1
| #define HAVE_STDINT_H 1
| #define HAVE_STRINGS_H 1
| #define HAVE_SYS_STAT_H 1
| #define HAVE_SYS_TYPES_H 1
| #define HAVE_UNISTD_H 1
| #define STDC_HEADERS 1
| #define LT_OBJDIR ".libs/"
| /* end confdefs.h.  */
| #include <ac_nonexistent.h>
configure:14525: result: g++ -E
configure:14539: g++ -E  conftest.cpp
configure:14539: $? = 0
configure:14555: g++ -E  conftest.cpp
conftest.cpp:22:10: fatal error: ac_nonexistent.h: No such file or directory
   22 | #include <ac_nonexistent.h>
      |          ^~~~~~~~~~~~~~~~~~
compilation terminated.
configure:14555: $? = 1
configure: failed program was:
| /* confdefs.h */
| #define PACKAGE_NAME "libresidfp"
| #define PACKAGE_TARNAME "libresidfp"
| #define PACKAGE_VERSION "1.0.2"
| #define PACKAGE_STRING "libresidfp 1.0.2"
| #define PACKAGE_BUGREPORT ""
| #define PACKAGE_URL "https://github.com/libsidplayfp/libresidfp/"
| #define PACKAGE "libresidfp"
| #define VERSION "1.0.2"
| #define HAVE_STDIO_H 1
| #define HAVE_STDLIB_H 1
| #define HAVE_STRING_H 1
| #define HAVE_INTTYPES_H 1
| #define HAVE_STDINT_H 1
| #define HAVE_STRINGS_H 1
| #define HAVE_SYS_STAT_H 1
| #define HAVE_SYS_TYPES_H 1
| #define HAVE_UNISTD_H 1
| #define STDC_HEADERS 1
| #define LT_OBJDIR ".libs/"
| /* end confdefs.h.  */
| #include <ac_nonexistent.h>
configure:14723: checking for ld used by g++
configure:14792: result: C:/msys64/ucrt64/x86_64-w64-mingw32/bin/ld.exe
configure:14799: checking if the linker (C:/msys64/ucrt64/x86_64-w64-mingw32/bin/ld.exe) is GNU ld
configure:14816: result: yes
configure:14871: checking whether the g++ linker (C:/msys64/ucrt64/x86_64-w64-mingw32/bin/ld.exe) supports shared libraries
configure:15951: result: yes
configure:15987: g++ -c -g -O2  conftest.cpp >&5
configure:15990: $? = 0
configure:16471: checking for g++ option to produce PIC
configure:16480: result: -DDLL_EXPORT -DPIC
configure:16488: checking if g++ PIC flag -DDLL_EXPORT -DPIC works
configure:16507: g++ -c -g -O2  -DDLL_EXPORT -DPIC -DPIC conftest.cpp >&5
configure:16511: $? = 0
configure:16525: result: yes
configure:16548: checking if g++ static flag -static works
configure:16578: result: yes
configure:16590: checking if g++ supports -c -o file.o
configure:16612: g++ -c -g -O2  -o out/conftest2.o conftest.cpp >&5
configure:16616: $? = 0
configure:16639: result: yes
configure:16644: checking if g++ supports -c -o file.o
configure:16693: result: yes
configure:16723: checking whether the g++ linker (C:/msys64/ucrt64/x86_64-w64-mingw32/bin/ld.exe) supports shared libraries
configure:16766: result: yes
configure:16909: checking dynamic linker characteristics
configure:17670: result: Win32 ld.exe
configure:17735: checking how to hardcode library paths into programs
configure:17760: result: immediate
configure:17830: checking whether g++ supports C++23 features with -std=c++23
configure:18693: g++ -std=c++23 -c -g -O2  conftest.cpp >&5
conftest.cpp:131:36: warning: 'volatile'-qualified parameter is deprecated [-Wvolatile]
  131 |     test(const int c, volatile int v)
      |                       ~~~~~~~~~~~~~^
configure:18693: $? = 0
configure:18705: result: yes
configure:21452: checking whether the C++ compiler accepts -fvisibility=hidden
configure:21475: g++ -std=c++23 -c -g -O2  -fvisibility=hidden -Werror  conftest.cpp >&5
configure:21475: $? = 0
configure:21487: result: yes
configure:21505: : CXXFLAGS="$CXXFLAGS"
configure:21508: $? = 0
configure:21452: checking whether the C++ compiler accepts -fvisibility-inlines-hidden
configure:21475: g++ -std=c++23 -c -g -O2 -fvisibility=hidden  -fvisibility-inlines-hidden -Werror  conftest.cpp >&5
configure:21475: $? = 0
configure:21487: result: yes
configure:21505: : CXXFLAGS="$CXXFLAGS"
configure:21508: $? = 0
configure:21539: checking whether the C++ compiler accepts -ffast-math
configure:21562: g++ -std=c++23 -c -g -O2 -fvisibility=hidden -fvisibility-inlines-hidden  -ffast-math -Werror  conftest.cpp >&5
configure:21562: $? = 0
configure:21574: result: yes
configure:21603: : RESIDFP_CXXFLAGS="$RESIDFP_CXXFLAGS"
configure:21606: $? = 0
configure:21539: checking whether the C++ compiler accepts -fno-unsafe-math-optimizations
configure:21562: g++ -std=c++23 -c -g -O2 -fvisibility=hidden -fvisibility-inlines-hidden  -fno-unsafe-math-optimizations -Werror  conftest.cpp >&5
configure:21562: $? = 0
configure:21574: result: yes
configure:21592: : RESIDFP_CXXFLAGS="$RESIDFP_CXXFLAGS"
configure:21595: $? = 0
configure:21626: checking how to run the C preprocessor
configure:21652: gcc -E  conftest.c
configure:21652: $? = 0
configure:21668: gcc -E  conftest.c
conftest.c:23:10: fatal error: ac_nonexistent.h: No such file or directory
   23 | #include <ac_nonexistent.h>
      |          ^~~~~~~~~~~~~~~~~~
compilation terminated.
configure:21668: $? = 1
configure: failed program was:
| /* confdefs.h */
| #define PACKAGE_NAME "libresidfp"
| #define PACKAGE_TARNAME "libresidfp"
| #define PACKAGE_VERSION "1.0.2"
| #define PACKAGE_STRING "libresidfp 1.0.2"
| #define PACKAGE_BUGREPORT ""
| #define PACKAGE_URL "https://github.com/libsidplayfp/libresidfp/"
| #define PACKAGE "libresidfp"
| #define VERSION "1.0.2"
| #define HAVE_STDIO_H 1
| #define HAVE_STDLIB_H 1
| #define HAVE_STRING_H 1
| #define HAVE_INTTYPES_H 1
| #define HAVE_STDINT_H 1
| #define HAVE_STRINGS_H 1
| #define HAVE_SYS_STAT_H 1
| #define HAVE_SYS_TYPES_H 1
| #define HAVE_UNISTD_H 1
| #define STDC_HEADERS 1
| #define LT_OBJDIR ".libs/"
| #define HAVE_CXX23 1
| /* end confdefs.h.  */
| #include <ac_nonexistent.h>
configure:21697: result: gcc -E
configure:21711: gcc -E  conftest.c
configure:21711: $? = 0
configure:21727: gcc -E  conftest.c
conftest.c:23:10: fatal error: ac_nonexistent.h: No such file or directory
   23 | #include <ac_nonexistent.h>
      |          ^~~~~~~~~~~~~~~~~~
compilation terminated.
configure:21727: $? = 1
configure: failed program was:
| /* confdefs.h */
| #define PACKAGE_NAME "libresidfp"
| #define PACKAGE_TARNAME "libresidfp"
| #define PACKAGE_VERSION "1.0.2"
| #define PACKAGE_STRING "libresidfp 1.0.2"
| #define PACKAGE_BUGREPORT ""
| #define PACKAGE_URL "https://github.com/libsidplayfp/libresidfp/"
| #define PACKAGE "libresidfp"
| #define VERSION "1.0.2"
| #define HAVE_STDIO_H 1
| #define HAVE_STDLIB_H 1
| #define HAVE_STRING_H 1
| #define HAVE_INTTYPES_H 1
| #define HAVE_STDINT_H 1
| #define HAVE_STRINGS_H 1
| #define HAVE_SYS_STAT_H 1
| #define HAVE_SYS_TYPES_H 1
| #define HAVE_UNISTD_H 1
| #define STDC_HEADERS 1
| #define LT_OBJDIR ".libs/"
| #define HAVE_CXX23 1
| /* end confdefs.h.  */
| #include <ac_nonexistent.h>
configure:21760: checking for egrep -e
configure:21890: result: /usr/bin/grep -E
configure:22060: checking whether gcc is Clang
configure:22088: result: no
configure:22154: checking whether pthreads work with "-pthread" and "-lpthread"
configure:22266: gcc -o conftest.exe -g -O2 -pthread   conftest.c -lpthread  >&5
configure:22266: $? = 0
configure:22276: result: yes
configure:22400: checking for joinable pthread attribute
configure:22419: gcc -o conftest.exe -g -O2 -pthread   conftest.c -lpthread  >&5
configure:22419: $? = 0
configure:22429: result: PTHREAD_CREATE_JOINABLE
configure:22442: checking whether more special flags are required for pthreads
configure:22457: result: no
configure:22466: checking for PTHREAD_PRIO_INHERIT
configure:22484: gcc -o conftest.exe -g -O2 -pthread   conftest.c -lpthread  >&5
configure:22484: $? = 0
configure:22496: result: yes
configure:22678: checking size of short
configure:22684: g++ -std=c++23 -o conftest.exe -g -O2 -fvisibility=hidden -fvisibility-inlines-hidden   conftest.cpp  >&5
configure:22684: $? = 0
configure:22684: ./conftest.exe
configure:22684: $? = 0
configure:22694: result: 2
configure:22706: checking size of int
configure:22712: g++ -std=c++23 -o conftest.exe -g -O2 -fvisibility=hidden -fvisibility-inlines-hidden   conftest.cpp  >&5
configure:22712: $? = 0
configure:22712: ./conftest.exe
configure:22712: $? = 0
configure:22722: result: 4
configure:22757: checking for debugging
configure:22771: result: Build for release
configure:22875: checking for SIMD instructions
configure:23252: result: none
configure:23261: checking whether the C++ compiler accepts -ftree-loop-vectorize
configure:23284: g++ -std=c++23 -c -g -O2 -fvisibility=hidden -fvisibility-inlines-hidden  -ftree-loop-vectorize -Werror  conftest.cpp >&5
configure:23284: $? = 0
configure:23296: result: yes
configure:23314: : CXXFLAGS="$CXXFLAGS"
configure:23317: $? = 0
configure:23362: checking for __builtin_expect
configure:23372: g++ -std=c++23 -c -g -O2 -fvisibility=hidden -fvisibility-inlines-hidden -ftree-loop-vectorize  conftest.cpp >&5
configure:23372: $? = 0
configure:23383: result: yes
configure:23498: checking for doxygen
configure:23534: result: no
configure:23544: WARNING: Doxygen not found - continuing without Doxygen support
configure:23746: checking that generated files are newer than configure
configure:23752: result: done
configure:23815: creating ./config.status

## ---------------------- ##
## Running config.status. ##
## ---------------------- ##

This file was extended by libresidfp config.status 1.0.2, which was
generated by GNU Autoconf 2.73.  Invocation command line was

  CONFIG_FILES    = 
  CONFIG_HEADERS  = 
  CONFIG_LINKS    = 
  CONFIG_COMMANDS = 
  $ ./config.status 

on LAPTOP-0BS9KNOH

config.status:1112: creating Makefile
config.status:1112: creating libresidfp.pc
config.status:1112: creating src/siddefs-fp.h
config.status:1112: creating src/residfp/sidversion.h
config.status:1112: creating tests/Makefile
config.status:1284: executing depfiles commands
config.status:1359: cd .       && sed -e '/# am--include-marker/d' Makefile         | make -f - am--depfiles
config.status:1366: $? = 0
config.status:1359: cd tests       && sed -e '/# am--include-marker/d' Makefile         | make -f - am--depfiles
config.status:1366: $? = 0
config.status:1284: executing libtool commands

## ---------------- ##
## Cache variables. ##
## ---------------- ##

ac_cv_build=x86_64-w64-mingw32
ac_cv_c_compiler_gnu=yes
ac_cv_cxx_compiler_gnu=yes
ac_cv_env_CCC_set=
ac_cv_env_CCC_value=
ac_cv_env_CC_set=
ac_cv_env_CC_value=
ac_cv_env_CFLAGS_set=
ac_cv_env_CFLAGS_value=
ac_cv_env_CPPFLAGS_set=
ac_cv_env_CPPFLAGS_value=
ac_cv_env_CPP_set=
ac_cv_env_CPP_value=
ac_cv_env_CXXCPP_set=
ac_cv_env_CXXCPP_value=
ac_cv_env_CXXFLAGS_set=
ac_cv_env_CXXFLAGS_value=
ac_cv_env_CXX_set=
ac_cv_env_CXX_value=
ac_cv_env_LDFLAGS_set=
ac_cv_env_LDFLAGS_value=
ac_cv_env_LIBS_set=
ac_cv_env_LIBS_value=
ac_cv_env_LT_SYS_LIBRARY_PATH_set=
ac_cv_env_LT_SYS_LIBRARY_PATH_value=
ac_cv_env_build_alias_set=
ac_cv_env_build_alias_value=
ac_cv_env_host_alias_set=set
ac_cv_env_host_alias_value=i686-w64-mingw32
ac_cv_env_target_alias_set=
ac_cv_env_target_alias_value=
ac_cv_exeext=.exe
ac_cv_header_dlfcn_h=no
ac_cv_header_inttypes_h=yes
ac_cv_header_stdint_h=yes
ac_cv_header_stdio_h=yes
ac_cv_header_stdlib_h=yes
ac_cv_header_string_h=yes
ac_cv_header_strings_h=yes
ac_cv_header_sys_stat_h=yes
ac_cv_header_sys_types_h=yes
ac_cv_header_unistd_h=yes
ac_cv_host=i686-w64-mingw32
ac_cv_objext=o
ac_cv_path_EGREP='/usr/bin/grep -E'
ac_cv_path_EGREP_TRADITIONAL='/usr/bin/grep -E'
ac_cv_path_FGREP='/usr/bin/grep -F'
ac_cv_path_GREP=/usr/bin/grep
ac_cv_path_SED=/usr/bin/sed
ac_cv_path_install='/usr/bin/install -c'
ac_cv_path_lt_DD=/usr/bin/dd
ac_cv_path_mkdir=/usr/bin/mkdir
ac_cv_prog_AWK=gawk
ac_cv_prog_CPP='gcc -E'
ac_cv_prog_CXXCPP='g++ -E'
ac_cv_prog_DLLTOOL=dlltool
ac_cv_prog_OBJDUMP=objdump
ac_cv_prog_STRIP=strip
ac_cv_prog_ac_ct_AR=ar
ac_cv_prog_ac_ct_AS=as
ac_cv_prog_ac_ct_CC=gcc
ac_cv_prog_ac_ct_CXX=g++
ac_cv_prog_ac_ct_DLLTOOL=dlltool
ac_cv_prog_ac_ct_DUMPBIN='link -dump'
ac_cv_prog_ac_ct_FILECMD=file
ac_cv_prog_ac_ct_OBJDUMP=objdump
ac_cv_prog_ac_ct_RANLIB=ranlib
ac_cv_prog_ac_ct_STRIP=strip
ac_cv_prog_cc_c11=
ac_cv_prog_cc_c23=no
ac_cv_prog_cc_g=yes
ac_cv_prog_cc_stdc=
ac_cv_prog_cxx_g=yes
ac_cv_prog_make_make_set=yes
ac_cv_sizeof_int=4
ac_cv_sizeof_short=2
am_cv_CC_dependencies_compiler_type=gcc3
am_cv_CXX_dependencies_compiler_type=gcc3
am_cv_filesystem_timestamp_resolution=0.01
am_cv_make_support_nested_variables=yes
am_cv_prog_cc_c_o=yes
am_cv_prog_tar_ustar=gnutar
am_cv_sleep_fractional_seconds=yes
am_cv_xargs_n_works=yes
ax_cv_PTHREAD_CLANG=no
ax_cv_PTHREAD_JOINABLE_ATTR=PTHREAD_CREATE_JOINABLE
ax_cv_PTHREAD_PRIO_INHERIT=yes
ax_cv_PTHREAD_SPECIAL_FLAGS=no
ax_cv_check_cxxflags___ffast_math=yes
ax_cv_check_cxxflags___fno_unsafe_math_optimizations=yes
ax_cv_check_cxxflags___ftree_loop_vectorize=yes
ax_cv_check_cxxflags___fvisibility_hidden=yes
ax_cv_check_cxxflags___fvisibility_inlines_hidden=yes
ax_cv_cxx_compile_cxx23__std_cpp23=yes
lt_cv_ar_at_file=@
lt_cv_archive_cmds_need_lc=yes
lt_cv_deplibs_check_method='file_magic ^x86 archive import|^x86 DLL'
lt_cv_file_magic_cmd=func_win32_libid
lt_cv_file_magic_test_file=
lt_cv_ld_reload_flag=-r
lt_cv_nm_interface='BSD nm'
lt_cv_objdir=.libs
lt_cv_path_LD=C:/msys64/ucrt64/x86_64-w64-mingw32/bin/ld.exe
lt_cv_path_LDCXX=C:/msys64/ucrt64/x86_64-w64-mingw32/bin/ld.exe
lt_cv_path_NM=no
lt_cv_path_mainfest_tool=no
lt_cv_prog_compiler_c_o=yes
lt_cv_prog_compiler_c_o_CXX=yes
lt_cv_prog_compiler_pic='-DDLL_EXPORT -DPIC'
lt_cv_prog_compiler_pic_CXX='-DDLL_EXPORT -DPIC'
lt_cv_prog_compiler_pic_works=yes
lt_cv_prog_compiler_pic_works_CXX=yes
lt_cv_prog_compiler_rtti_exceptions=no
lt_cv_prog_compiler_static_works=yes
lt_cv_prog_compiler_static_works_CXX=yes
lt_cv_prog_gnu_ld=yes
lt_cv_prog_gnu_ldcxx=yes
lt_cv_sharedlib_from_linklib_cmd=func_cygming_dll_for_implib
lt_cv_sys_global_symbol_pipe='/usr/bin/sed -n -e '\''s/^.*[	 ]\([ABCDGIRSTW][ABCDGIRSTW]*\)[	 ][	 ]*\([_A-Za-z][_A-Za-z0-9]*\)\{0,1\}$/\1 \2 \2/p'\'' | /usr/bin/sed '\''/ __gnu_lto/d'\'''
lt_cv_sys_global_symbol_to_c_name_address='/usr/bin/sed -n -e '\''s/^: \(.*\) .*$/  {"\1", (void *) 0},/p'\'' -e '\''s/^[ABCDGIRSTW][ABCDGIRSTW]* .* \(.*\)$/  {"\1", (void *) \&\1},/p'\'''
lt_cv_sys_global_symbol_to_c_name_address_lib_prefix='/usr/bin/sed -n -e '\''s/^: \(.*\) .*$/  {"\1", (void *) 0},/p'\'' -e '\''s/^[ABCDGIRSTW][ABCDGIRSTW]* .* \(lib.*\)$/  {"\1", (void *) \&\1},/p'\'' -e '\''s/^[ABCDGIRSTW][ABCDGIRSTW]* .* \(.*\)$/  {"lib\1", (void *) \&\1},/p'\'''
lt_cv_sys_global_symbol_to_cdecl='/usr/bin/sed -n -e '\''s/^T .* \(.*\)$/extern int \1();/p'\'' -e '\''s/^[ABCDGIRSTW][ABCDGIRSTW]* .* \(.*\)$/extern char \1;/p'\'''
lt_cv_sys_global_symbol_to_import=
lt_cv_sys_max_cmd_len=8192
lt_cv_to_host_file_cmd=func_convert_file_msys_to_w32
lt_cv_to_tool_file_cmd=func_convert_file_msys_to_w32
lt_cv_truncate_bin='/usr/bin/dd bs=4096 count=1'
resid_cv_builtin_expect=yes

## ----------------- ##
## Output variables. ##
## ----------------- ##

ACLOCAL='${SHELL} '\''/home/crystal/vice/vice/src/lib/libresidfp/build-aux/missing'\'' aclocal-1.18'
AMDEPBACKSLASH='\'
AMDEP_FALSE='#'
AMDEP_TRUE=''
AMTAR='$${TAR-tar}'
AM_BACKSLASH='\'
AM_DEFAULT_V='$(AM_DEFAULT_VERBOSITY)'
AM_DEFAULT_VERBOSITY='0'
AM_V='$(V)'
AR='ar'
AS='as'
AUTOCONF='${SHELL} '\''/home/crystal/vice/vice/src/lib/libresidfp/build-aux/missing'\'' autoconf'
AUTOHEADER='${SHELL} '\''/home/crystal/vice/vice/src/lib/libresidfp/build-aux/missing'\'' autoheader'
AUTOMAKE='${SHELL} '\''/home/crystal/vice/vice/src/lib/libresidfp/build-aux/missing'\'' automake-1.18'
AWK='gawk'
CC='gcc'
CCDEPMODE='depmode=gcc3'
CFLAGS='-g -O2'
CPP='gcc -E'
CPPFLAGS=''
CSCOPE='cscope'
CTAGS='ctags'
CXX='g++ -std=c++23'
CXXCPP='g++ -E -std=c++23'
CXXDEPMODE='depmode=gcc3'
CXXFLAGS='-g -O2 -fvisibility=hidden -fvisibility-inlines-hidden -ftree-loop-vectorize'
CYGPATH_W='cygpath -w'
DEFS='-DPACKAGE_NAME=\"libresidfp\" -DPACKAGE_TARNAME=\"libresidfp\" -DPACKAGE_VERSION=\"1.0.2\" -DPACKAGE_STRING=\"libresidfp\ 1.0.2\" -DPACKAGE_BUGREPORT=\"\" -DPACKAGE_URL=\"https://github.com/libsidplayfp/libresidfp/\" -DPACKAGE=\"libresidfp\" -DVERSION=\"1.0.2\" -DHAVE_STDIO_H=1 -DHAVE_STDLIB_H=1 -DHAVE_STRING_H=1 -DHAVE_INTTYPES_H=1 -DHAVE_STDINT_H=1 -DHAVE_STRINGS_H=1 -DHAVE_SYS_STAT_H=1 -DHAVE_SYS_TYPES_H=1 -DHAVE_UNISTD_H=1 -DSTDC_HEADERS=1 -DLT_OBJDIR=\".libs/\" -DHAVE_CXX23=1 -DHAVE_PTHREAD_PRIO_INHERIT=1 -DHAVE_PTHREAD=1 -DSIZEOF_SHORT=2 -DSIZEOF_INT=4'
DEPDIR='.deps'
DLLTOOL='dlltool'
DOT=''
DOXYGEN=''
DSYMUTIL=''
DUMPBIN=':'
ECHO_C=''
ECHO_N='-n'
ECHO_T=''
EGREP='/usr/bin/grep -E'
ENABLE_TEST_FALSE=''
ENABLE_TEST_TRUE='#'
ETAGS='etags'
EXEEXT='.exe'
FGREP='/usr/bin/grep -F'
FILECMD='file'
GREP='/usr/bin/grep'
HAVE_BUILTIN_EXPECT='1'
HAVE_CXX11=''
HAVE_CXX14=''
HAVE_CXX17=''
HAVE_CXX20=''
HAVE_CXX23='1'
HAVE_DOXYGEN_FALSE=''
HAVE_DOXYGEN_TRUE='#'
INSTALL_DATA='${INSTALL} -m 644'
INSTALL_PROGRAM='${INSTALL}'
INSTALL_SCRIPT='${INSTALL}'
INSTALL_STRIP_PROGRAM='$(install_sh) -c -s'
LD='C:/msys64/ucrt64/x86_64-w64-mingw32/bin/ld.exe'
LDFLAGS=''
LIBOBJS=''
LIBRESIDFPVERSION='0:3:0'
LIBS=''
LIBTOOL='$(SHELL) $(top_builddir)/libtool'
LIB_LEVEL='2'
LIB_MAJOR='1'
LIB_MINOR='0'
LIPO=''
LN_S='cp -pR'
LTLIBOBJS=''
LT_SYS_LIBRARY_PATH=''
MACOS_FALSE=''
MACOS_TRUE='#'
MAKEINFO='${SHELL} '\''/home/crystal/vice/vice/src/lib/libresidfp/build-aux/missing'\'' makeinfo'
MANIFEST_TOOL=':'
MINGW32_FALSE='#'
MINGW32_TRUE=''
MKDIR_P='/usr/bin/mkdir -p'
NM='nm'
NMEDIT=''
OBJDUMP='objdump'
OBJEXT='o'
OTOOL64=''
OTOOL=''
PACKAGE='libresidfp'
PACKAGE_BUGREPORT=''
PACKAGE_NAME='libresidfp'
PACKAGE_STRING='libresidfp 1.0.2'
PACKAGE_TARNAME='libresidfp'
PACKAGE_URL='https://github.com/libsidplayfp/libresidfp/'
PACKAGE_VERSION='1.0.2'
PATH_SEPARATOR=':'
PTHREAD_CC='gcc'
PTHREAD_CFLAGS='-pthread'
PTHREAD_CXX='g++ -std=c++23'
PTHREAD_LIBS='-lpthread'
RANLIB='ranlib'
RESIDFP_BRANCH_HINTS='1'
RESIDFP_CXXFLAGS='-ffast-math -fno-unsafe-math-optimizations'
RESIDFP_INLINE='inline'
RESIDFP_INLINING='1'
SED='/usr/bin/sed'
SET_MAKE=''
SHELL='/bin/sh'
STRIP='strip'
VERSION='1.0.2'
ac_ct_AR='ar'
ac_ct_CC='gcc'
ac_ct_CXX='g++'
ac_ct_DUMPBIN='link -dump'
am__EXEEXT_FALSE='#'
am__EXEEXT_TRUE=''
am__fastdepCC_FALSE='#'
am__fastdepCC_TRUE=''
am__fastdepCXX_FALSE='#'
am__fastdepCXX_TRUE=''
am__include='include'
am__isrc=''
am__leading_dot='.'
am__nodep='_no'
am__quote=''
am__rm_f_notfound=''
am__tar='tar --format=ustar -chf - "$$tardir"'
am__untar='tar -xf -'
am__xargs_n='xargs -n'
ax_pthread_config=''
bindir='${exec_prefix}/bin'
build='x86_64-w64-mingw32'
build_alias='x86_64-w64-mingw32'
build_cpu='x86_64'
build_os='mingw32'
build_vendor='w64'
datadir='${datarootdir}'
datarootdir='${prefix}/share'
debug_flags='-DNDEBUG'
docdir='${datarootdir}/doc/${PACKAGE_TARNAME}'
dvidir='${docdir}'
exec_prefix='${prefix}'
host='i686-w64-mingw32'
host_alias='i686-w64-mingw32'
host_cpu='i686'
host_os='mingw32'
host_vendor='w64'
htmldir='${docdir}'
includedir='${prefix}/include'
infodir='${datarootdir}/info'
install_sh='${SHELL} /home/crystal/vice/vice/src/lib/libresidfp/build-aux/install-sh'
libdir='${exec_prefix}/lib'
libexecdir='${exec_prefix}/libexec'
localedir='${datarootdir}/locale'
localstatedir='${prefix}/var'
mandir='${datarootdir}/man'
mkdir_p='$(MKDIR_P)'
oldincludedir='/usr/include'
pdfdir='${docdir}'
prefix='/ucrt64'
program_transform_name='s,x,x,'
psdir='${docdir}'
runstatedir='${localstatedir}/run'
sbindir='${exec_prefix}/sbin'
sharedstatedir='${prefix}/com'
sysconfdir='${prefix}/etc'
target_alias=''

## ----------- ##
## confdefs.h. ##
## ----------- ##

/* confdefs.h */
#define PACKAGE_NAME "libresidfp"
#define PACKAGE_TARNAME "libresidfp"
#define PACKAGE_VERSION "1.0.2"
#define PACKAGE_STRING "libresidfp 1.0.2"
#define PACKAGE_BUGREPORT ""
#define PACKAGE_URL "https://github.com/libsidplayfp/libresidfp/"
#define PACKAGE "libresidfp"
#define VERSION "1.0.2"
#define HAVE_STDIO_H 1
#define HAVE_STDLIB_H 1
#define HAVE_STRING_H 1
#define HAVE_INTTYPES_H 1
#define HAVE_STDINT_H 1
#define HAVE_STRINGS_H 1
#define HAVE_SYS_STAT_H 1
#define HAVE_SYS_TYPES_H 1
#define HAVE_UNISTD_H 1
#define STDC_HEADERS 1
#define LT_OBJDIR ".libs/"
#define HAVE_CXX23 1
#define HAVE_PTHREAD_PRIO_INHERIT 1
#define HAVE_PTHREAD 1
#define SIZEOF_SHORT 2
#define SIZEOF_INT 4

configure: exit 
