configure.in:13: warning: AM_INIT_AUTOMAKE: two- and three-arguments forms are deprecated.
../autoconf-2.73/lib/autoconf/general.m4:2490: AC_DIAGNOSE is expanded from...
aclocal.m4:429: AM_INIT_AUTOMAKE is expanded from...
configure.in:13: the top level
configure.in:17: warning: The macro 'AC_LANG_CPLUSPLUS' is obsolete.
configure.in:17: You should run autoupdate.
../autoconf-2.73/lib/autoconf/c.m4:271: AC_LANG_CPLUSPLUS is expanded from...
configure.in:17: the top level
configure.in:45: warning: The macro 'AC_TRY_COMPILE' is obsolete.
configure.in:45: You should run autoupdate.
../autoconf-2.73/lib/autoconf/general.m4:2903: AC_TRY_COMPILE is expanded from...
configure.in:45: the top level
configure.in:57: warning: The macro 'AC_HELP_STRING' is obsolete.
configure.in:57: You should run autoupdate.
../autoconf-2.73/lib/autoconf/general.m4:205: AC_HELP_STRING is expanded from...
../autoconf-2.73/lib/autoconf/general.m4:1584: AC_ARG_ENABLE is expanded from...
configure.in:57: the top level
configure.in:93: warning: The macro 'AC_TRY_COMPILE' is obsolete.
configure.in:93: You should run autoupdate.
../autoconf-2.73/lib/autoconf/general.m4:2903: AC_TRY_COMPILE is expanded from...
../autoconf-2.73/lib/m4sugar/m4sh.m4:689: _AS_IF_ELSE is expanded from...
../autoconf-2.73/lib/m4sugar/m4sh.m4:696: AS_IF is expanded from...
../autoconf-2.73/lib/autoconf/general.m4:2305: AC_CACHE_VAL is expanded from...
../autoconf-2.73/lib/autoconf/general.m4:2326: AC_CACHE_CHECK is expanded from...
configure.in:93: the top level
configure.in:109: warning: The macro 'AC_TRY_COMPILE' is obsolete.
configure.in:109: You should run autoupdate.
../autoconf-2.73/lib/autoconf/general.m4:2903: AC_TRY_COMPILE is expanded from...
configure.in:109: the top level
configure.in:122: warning: The macro 'AC_TRY_COMPILE' is obsolete.
configure.in:122: You should run autoupdate.
../autoconf-2.73/lib/autoconf/general.m4:2903: AC_TRY_COMPILE is expanded from...
configure.in:122: the top level
configure.in:137: warning: AC_OUTPUT should be used without arguments.
configure.in:137: You should run autoupdate.
