This file contains any messages produced by compilers while
running configure, to aid debugging if configure makes a mistake.

It was created by configure, which was
generated by GNU Autoconf 2.73.  Invocation command line was

  $ ./configure --prefix=/ucrt64 --disable-option-checking --host=i686-w64-mingw32 --enable-native-tools host_alias=i686-w64-mingw32 --disable-option-checking --srcdir=. --cache-file=/dev/null

## --------- ##
## Platform. ##
## --------- ##

hostname = LAPTOP-0BS9KNOH
uname -m = x86_64
uname -r = 3.6.9-01d6c708.x86_64
uname -s = MINGW64_NT-10.0-19045
uname -v = 2026-05-24 10:45 UTC

/usr/bin/uname -p = unknown
/bin/uname -X     = unknown

/bin/arch              = x86_64
/usr/bin/arch -k       = unknown
/usr/convex/getsysinfo = unknown
/usr/bin/hostinfo      = unknown
/bin/machine           = unknown
/usr/bin/oslevel       = unknown
/bin/universe          = unknown

PATH: /ucrt64/bin/
PATH: /usr/local/bin/
PATH: /usr/bin/
PATH: /bin/
PATH: /c/Windows/System32/
PATH: /c/Windows/
PATH: /c/Windows/System32/Wbem/
PATH: /c/Windows/System32/WindowsPowerShell/v1.0/
PATH: /usr/bin/site_perl/
PATH: /usr/bin/vendor_perl/
PATH: /usr/bin/core_perl/


## ----------- ##
## Core tests. ##
## ----------- ##

configure:2076: loading site script /etc/config.site
| # This file is in public domain.
| # Original author: Karlson2k (Evgeny Grin)
| # Written for MSys2 to help running 'configure' scripts
| 
| # Defaults for MSys2/MinGW64-targeted programs
| 
| # Set proper selfname on bash and fallback to default name on other shells
| test -n "${BASH_SOURCE}" 2>/dev/null && config_site_me="${BASH_SOURCE[0]##*/}" || config_site_me=config.site
| 
| # Set default 'host' to speedup configure
| if test -z "$build_alias"; then
|   build_alias="${MSYSTEM_CHOST}"  && \
|     ${as_echo-echo} "$config_site_me:${as_lineno-$LINENO}: default build_alias set to $build_alias" >&5
| fi
| 
| # Set default 'prefix'
| if ( test -z "$prefix" || test "x$prefix" = "xNONE" ) && \
|     ( test -z "$exec_prefix" || test "x$exec_prefix" = "xNONE" ); then
|   prefix="${MSYSTEM_PREFIX}" && \
|     ${as_echo-echo} "$config_site_me:${as_lineno-$LINENO}: default prefix set to $prefix" >&5
| fi
config.site:13: default build_alias set to x86_64-w64-mingw32
configure:2127: looking for aux files: config.guess config.sub missing install-sh
configure:2140:  trying ./
configure:2140:  trying ./../
configure:2140:  trying ./../../
configure:2169:   ./../../config.guess found
configure:2169:   ./../../config.sub found
configure:2169:   ./../../missing found
configure:2151:   ./../../install-sh found
configure:2328: checking for a BSD-compatible install
configure:2402: result: /usr/bin/install -c
configure:2413: checking whether sleep supports fractional seconds
configure:2429: result: yes
configure:2432: checking filesystem timestamp resolution
configure:2567: result: 0.01
configure:2572: checking whether build environment is sane
configure:2617: result: yes
configure:2683: checking for i686-w64-mingw32-strip
configure:2719: result: no
configure:2729: checking for strip
configure:2750: found /ucrt64/bin/strip
configure:2762: result: strip
configure:2788: checking for a race-free mkdir -p
configure:2831: result: /usr/bin/mkdir -p
configure:2838: checking for gawk
configure:2859: found /usr/bin/gawk
configure:2871: result: gawk
configure:2882: checking whether make sets $(MAKE)
configure:2906: result: yes
configure:2932: checking whether make supports nested variables
configure:2951: result: yes
configure:2965: checking xargs -n works
configure:2981: result: yes
configure:3067: checking whether UID '197609' is supported by ustar format
configure:3073: result: yes
configure:3080: checking whether GID '197121' is supported by ustar format
configure:3086: result: yes
configure:3094: checking how to create a ustar tar archive
configure:3105: tar --version
tar (GNU tar) 1.35
Copyright (C) 2023 Free Software Foundation, Inc.
License GPLv3+: GNU GPL version 3 or later <https://gnu.org/licenses/gpl.html>.
This is free software: you are free to change and redistribute it.
There is NO WARRANTY, to the extent permitted by law.

Written by John Gilmore and Jay Fenlason.
configure:3108: $? = 0
configure:3148: tardir=conftest.dir && eval tar --format=ustar -chf - "$tardir" >conftest.tar
configure:3151: $? = 0
configure:3155: tar -xf - <conftest.tar
configure:3158: $? = 0
configure:3160: cat conftest.dir/file
GrepMe
configure:3163: $? = 0
configure:3178: result: gnutar
configure:3219: checking build system type
configure:3235: result: x86_64-w64-mingw32
configure:3255: checking host system type
configure:3270: result: i686-w64-mingw32
configure:3324: checking for i686-w64-mingw32-c++
configure:3360: result: no
configure:3324: checking for i686-w64-mingw32-g++
configure:3360: result: no
configure:3324: checking for i686-w64-mingw32-clang++
configure:3360: result: no
configure:3374: checking for c++
configure:3395: found /ucrt64/bin/c++
configure:3407: result: c++
configure:3434: checking for C++ compiler version
configure:3443: c++ --version >&5
c++.exe (Rev5, Built by MSYS2 project) 16.1.0
Copyright (C) 2026 Free Software Foundation, Inc.
This is free software; see the source for copying conditions.  There is NO
warranty; not even for MERCHANTABILITY or FITNESS FOR A PARTICULAR PURPOSE.

configure:3454: $? = 0
configure:3443: c++ -v >&5
Using built-in specs.
COLLECT_GCC=C:\msys64\ucrt64\bin\c++.exe
COLLECT_LTO_WRAPPER=C:/msys64/ucrt64/bin/../lib/gcc/x86_64-w64-mingw32/16.1.0/lto-wrapper.exe
Target: x86_64-w64-mingw32
Configured with: ../gcc-16.1.0/configure --prefix=/ucrt64 --with-local-prefix=/ucrt64/local --libexecdir=/ucrt64/lib --enable-bootstrap --enable-checking=release --with-arch=nocona --with-tune=generic --enable-mingw-wildcard --enable-languages=c,c++,ada,fortran,lto,objc,obj-c++,jit --enable-shared --enable-static --enable-libatomic --enable-threads=posix --enable-tls --enable-graphite --enable-fully-dynamic-string --enable-libstdcxx-backtrace=yes --enable-libstdcxx-filesystem-ts --enable-libstdcxx-time --disable-libstdcxx-pch --enable-libgomp --disable-libssp --disable-multilib --disable-rpath --disable-win32-registry --disable-nls --disable-werror --disable-symvers --with-libiconv --with-system-zlib --with-gmp=/ucrt64 --with-mpfr=/ucrt64 --with-mpc=/ucrt64 --with-isl=/ucrt64 --with-pkgversion='Rev5, Built by MSYS2 project' --with-bugurl=https://github.com/msys2/MINGW-packages/issues --with-gnu-as --with-gnu-ld --with-libstdcxx-zoneinfo=yes --disable-libstdcxx-debug --enable-lto --with-boot-ldflags=-static-libstdc++ --with-stage1-ldflags=-static-libstdc++
Thread model: posix
Supported LTO compression algorithms: zlib zstd
gcc version 16.1.0 (Rev5, Built by MSYS2 project) 
configure:3454: $? = 0
configure:3443: c++ -V >&5
c++.exe: error: unrecognized command-line option '-V'
c++.exe: fatal error: no input files
compilation terminated.
configure:3454: $? = 1
configure:3443: c++ -qversion >&5
c++.exe: error: unrecognized command-line option '-qversion'; did you mean '--version'?
c++.exe: fatal error: no input files
compilation terminated.
configure:3454: $? = 1
configure:3474: checking whether the C++ compiler works
configure:3496: c++    conftest.cpp  >&5
configure:3500: $? = 0
configure:3551: result: yes
configure:3555: checking for C++ compiler default output file name
configure:3557: result: a.exe
configure:3563: checking for suffix of executables
configure:3570: c++ -o conftest.exe    conftest.cpp  >&5
configure:3574: $? = 0
configure:3598: result: .exe
configure:3622: checking whether we are cross compiling
configure:3630: c++ -o conftest.exe    conftest.cpp  >&5
configure:3634: $? = 0
configure:3641: ./conftest.exe
configure:3645: $? = 0
configure:3660: result: no
configure:3666: checking for suffix of object files
configure:3689: c++ -c   conftest.cpp >&5
configure:3693: $? = 0
configure:3717: result: o
configure:3721: checking whether the compiler supports GNU C++
configure:3741: c++ -c   conftest.cpp >&5
configure:3741: $? = 0
configure:3753: result: yes
configure:3764: checking whether c++ accepts -g
configure:3785: c++ -c -g  conftest.cpp >&5
configure:3785: $? = 0
configure:3832: result: yes
configure:3858: checking whether make supports the include directive
configure:3873: make -f confmf.GNU && cat confinc.out
this is the am__doit target
configure:3876: $? = 0
configure:3895: result: yes (GNU style)
configure:3921: checking dependency style of c++
configure:4034: result: gcc3
configure:4053: checking whether the C++ compiler (c++ -g -Wall -O2 -funroll-loops -fomit-frame-pointer -fno-exceptions ) works
configure:4067: c++ -c -g -Wall -O2 -funroll-loops -fomit-frame-pointer -fno-exceptions  conftest.cpp >&5
conftest.cpp: In function 'int main()':
conftest.cpp:15:5: warning: unused variable 'test' [-Wunused-variable]
   15 | int test;
      |     ^~~~
configure:4067: $? = 0
configure:4069: result: yes
configure:4107: checking for ar
configure:4128: found /ucrt64/bin/ar
configure:4141: result: ar
configure:4152: checking for i686-w64-mingw32-ranlib
configure:4188: result: no
configure:4198: checking for ranlib
configure:4219: found /ucrt64/bin/ranlib
configure:4231: result: ranlib
configure:4262: checking for stdio.h
configure:4262: c++ -c -g -Wall -O2 -funroll-loops -fomit-frame-pointer -fno-exceptions  conftest.cpp >&5
configure:4262: $? = 0
configure:4262: result: yes
configure:4262: checking for stdlib.h
configure:4262: c++ -c -g -Wall -O2 -funroll-loops -fomit-frame-pointer -fno-exceptions  conftest.cpp >&5
configure:4262: $? = 0
configure:4262: result: yes
configure:4262: checking for string.h
configure:4262: c++ -c -g -Wall -O2 -funroll-loops -fomit-frame-pointer -fno-exceptions  conftest.cpp >&5
configure:4262: $? = 0
configure:4262: result: yes
configure:4262: checking for inttypes.h
configure:4262: c++ -c -g -Wall -O2 -funroll-loops -fomit-frame-pointer -fno-exceptions  conftest.cpp >&5
configure:4262: $? = 0
configure:4262: result: yes
configure:4262: checking for stdint.h
configure:4262: c++ -c -g -Wall -O2 -funroll-loops -fomit-frame-pointer -fno-exceptions  conftest.cpp >&5
configure:4262: $? = 0
configure:4262: result: yes
configure:4262: checking for strings.h
configure:4262: c++ -c -g -Wall -O2 -funroll-loops -fomit-frame-pointer -fno-exceptions  conftest.cpp >&5
configure:4262: $? = 0
configure:4262: result: yes
configure:4262: checking for sys/stat.h
configure:4262: c++ -c -g -Wall -O2 -funroll-loops -fomit-frame-pointer -fno-exceptions  conftest.cpp >&5
configure:4262: $? = 0
configure:4262: result: yes
configure:4262: checking for sys/types.h
configure:4262: c++ -c -g -Wall -O2 -funroll-loops -fomit-frame-pointer -fno-exceptions  conftest.cpp >&5
configure:4262: $? = 0
configure:4262: result: yes
configure:4262: checking for unistd.h
configure:4262: c++ -c -g -Wall -O2 -funroll-loops -fomit-frame-pointer -fno-exceptions  conftest.cpp >&5
configure:4262: $? = 0
configure:4262: result: yes
configure:4291: checking size of int
configure:4297: c++ -o conftest.exe -g -Wall -O2 -funroll-loops -fomit-frame-pointer -fno-exceptions   conftest.cpp  >&5
configure:4297: $? = 0
configure:4297: ./conftest.exe
configure:4297: $? = 0
configure:4307: result: 4
configure:4320: checking for working bool
configure:4339: c++ -c -g -Wall -O2 -funroll-loops -fomit-frame-pointer -fno-exceptions  conftest.cpp >&5
conftest.cpp: In function 'int main()':
conftest.cpp:27:6: warning: unused variable 'flag' [-Wunused-variable]
   27 | bool flag;
      |      ^~~~
configure:4339: $? = 0
configure:4349: result: yes
configure:4360: checking if the mmintrin.h include can be used
configure:4373: c++ -c -g -Wall -O2 -funroll-loops -fomit-frame-pointer -fno-exceptions  conftest.cpp >&5
conftest.cpp: In function 'int main()':
conftest.cpp:26:5: warning: unused variable 'test' [-Wunused-variable]
   26 | int test;
      |     ^~~~
configure:4373: $? = 0
configure:4375: result: yes
configure:4532: checking that generated files are newer than configure
configure:4538: result: done
configure:4581: creating ./config.status

## ---------------------- ##
## Running config.status. ##
## ---------------------- ##

This file was extended by config.status, which was
generated by GNU Autoconf 2.73.  Invocation command line was

  CONFIG_FILES    = 
  CONFIG_HEADERS  = 
  CONFIG_LINKS    = 
  CONFIG_COMMANDS = 
  $ ./config.status 

on LAPTOP-0BS9KNOH

config.status:773: creating Makefile
config.status:773: creating siddtvdefs.h
config.status:945: executing depfiles commands
config.status:1020: cd .       && sed -e '/# am--include-marker/d' Makefile         | make -f - am--depfiles
config.status:1027: $? = 0

## ---------------- ##
## Cache variables. ##
## ---------------- ##

ac_cv_build=x86_64-w64-mingw32
ac_cv_cxx_bool=yes
ac_cv_cxx_compiler_gnu=yes
ac_cv_env_CCC_set=
ac_cv_env_CCC_value=
ac_cv_env_CPPFLAGS_set=
ac_cv_env_CPPFLAGS_value=
ac_cv_env_CXXFLAGS_set=
ac_cv_env_CXXFLAGS_value=
ac_cv_env_CXX_set=
ac_cv_env_CXX_value=
ac_cv_env_LDFLAGS_set=
ac_cv_env_LDFLAGS_value=
ac_cv_env_LIBS_set=
ac_cv_env_LIBS_value=
ac_cv_env_build_alias_set=
ac_cv_env_build_alias_value=
ac_cv_env_host_alias_set=set
ac_cv_env_host_alias_value=i686-w64-mingw32
ac_cv_env_target_alias_set=
ac_cv_env_target_alias_value=
ac_cv_exeext=.exe
ac_cv_header_inttypes_h=yes
ac_cv_header_stdint_h=yes
ac_cv_header_stdio_h=yes
ac_cv_header_stdlib_h=yes
ac_cv_header_string_h=yes
ac_cv_header_strings_h=yes
ac_cv_header_sys_stat_h=yes
ac_cv_header_sys_types_h=yes
ac_cv_header_unistd_h=yes
ac_cv_host=i686-w64-mingw32
ac_cv_objext=o
ac_cv_path_install='/usr/bin/install -c'
ac_cv_path_mkdir=/usr/bin/mkdir
ac_cv_prog_AR=ar
ac_cv_prog_AWK=gawk
ac_cv_prog_ac_ct_CXX=c++
ac_cv_prog_ac_ct_RANLIB=ranlib
ac_cv_prog_ac_ct_STRIP=strip
ac_cv_prog_cxx_g=yes
ac_cv_prog_make_make_set=yes
ac_cv_sizeof_int=4
am_cv_CXX_dependencies_compiler_type=gcc3
am_cv_filesystem_timestamp_resolution=0.01
am_cv_make_support_nested_variables=yes
am_cv_prog_tar_ustar=gnutar
am_cv_sleep_fractional_seconds=yes
am_cv_xargs_n_works=yes

## ----------------- ##
## Output variables. ##
## ----------------- ##

ACLOCAL='${SHELL} '\''/home/crystal/vice/vice/missing'\'' aclocal-1.18'
AMDEPBACKSLASH='\'
AMDEP_FALSE='#'
AMDEP_TRUE=''
AMTAR='$${TAR-tar}'
AM_BACKSLASH='\'
AM_DEFAULT_V='$(AM_DEFAULT_VERBOSITY)'
AM_DEFAULT_VERBOSITY='1'
AM_V='$(V)'
AR='ar'
ARFLAGS='cr'
AR_FLAGS='cr'
AUTOCONF='${SHELL} '\''/home/crystal/vice/vice/missing'\'' autoconf'
AUTOHEADER='${SHELL} '\''/home/crystal/vice/vice/missing'\'' autoheader'
AUTOMAKE='${SHELL} '\''/home/crystal/vice/vice/missing'\'' automake-1.18'
AWK='gawk'
CPPFLAGS=''
CSCOPE='cscope'
CTAGS='ctags'
CXX='c++'
CXXDEPMODE='depmode=gcc3'
CXXFLAGS='-g -Wall -O2 -funroll-loops -fomit-frame-pointer -fno-exceptions'
CYGPATH_W='cygpath -w'
DEFS='-DPACKAGE_NAME=\"\" -DPACKAGE_TARNAME=\"\" -DPACKAGE_VERSION=\"\" -DPACKAGE_STRING=\"\" -DPACKAGE_BUGREPORT=\"\" -DPACKAGE_URL=\"\" -DPACKAGE=\"resid\" -DVERSION=\"0.16vice\" -DHAVE_STDIO_H=1 -DHAVE_STDLIB_H=1 -DHAVE_STRING_H=1 -DHAVE_INTTYPES_H=1 -DHAVE_STDINT_H=1 -DHAVE_STRINGS_H=1 -DHAVE_SYS_STAT_H=1 -DHAVE_SYS_TYPES_H=1 -DHAVE_UNISTD_H=1 -DSTDC_HEADERS=1 -DSIZEOF_INT=4'
DEPDIR='.deps'
ECHO_C=''
ECHO_N='-n'
ECHO_T=''
ETAGS='etags'
EXEEXT='.exe'
HAVE_MMINTRIN_H='1'
INSTALL_DATA='${INSTALL} -m 644'
INSTALL_PROGRAM='${INSTALL}'
INSTALL_SCRIPT='${INSTALL}'
INSTALL_STRIP_PROGRAM='$(install_sh) -c -s'
LDFLAGS=''
LIBOBJS=''
LIBS=''
LTLIBOBJS=''
MAKEINFO='${SHELL} '\''/home/crystal/vice/vice/missing'\'' makeinfo'
MKDIR_P='/usr/bin/mkdir -p'
OBJEXT='o'
PACKAGE='resid'
PACKAGE_BUGREPORT=''
PACKAGE_NAME=''
PACKAGE_STRING=''
PACKAGE_TARNAME=''
PACKAGE_URL=''
PACKAGE_VERSION=''
PATH_SEPARATOR=':'
RANLIB='ranlib'
RESID_HAVE_BOOL='1'
RESID_INLINE='inline'
RESID_INLINING='1'
SET_MAKE=''
SHELL='/bin/sh'
STRIP='strip'
VERSION='0.16vice'
ac_ct_CXX='c++'
am__EXEEXT_FALSE='#'
am__EXEEXT_TRUE=''
am__fastdepCXX_FALSE='#'
am__fastdepCXX_TRUE=''
am__include='include'
am__isrc=''
am__leading_dot='.'
am__nodep='_no'
am__quote=''
am__rm_f_notfound=''
am__tar='tar --format=ustar -chf - "$$tardir"'
am__untar='tar -xf -'
am__xargs_n='xargs -n'
bindir='${exec_prefix}/bin'
build='x86_64-w64-mingw32'
build_alias='x86_64-w64-mingw32'
build_cpu='x86_64'
build_os='mingw32'
build_vendor='w64'
datadir='${datarootdir}'
datarootdir='${prefix}/share'
docdir='${datarootdir}/doc/${PACKAGE}'
dvidir='${docdir}'
exec_prefix='${prefix}'
host='i686-w64-mingw32'
host_alias='i686-w64-mingw32'
host_cpu='i686'
host_os='mingw32'
host_vendor='w64'
htmldir='${docdir}'
includedir='${prefix}/include'
infodir='${datarootdir}/info'
install_sh='${SHELL} /home/crystal/vice/vice/install-sh'
libdir='${exec_prefix}/lib'
libexecdir='${exec_prefix}/libexec'
localedir='${datarootdir}/locale'
localstatedir='${prefix}/var'
mandir='${datarootdir}/man'
mkdir_p='$(MKDIR_P)'
oldincludedir='/usr/include'
pdfdir='${docdir}'
prefix='/ucrt64'
program_transform_name='s,x,x,'
psdir='${docdir}'
runstatedir='${localstatedir}/run'
sbindir='${exec_prefix}/sbin'
sharedstatedir='${prefix}/com'
sysconfdir='${prefix}/etc'
target_alias=''

## ----------- ##
## confdefs.h. ##
## ----------- ##

/* confdefs.h */
#define PACKAGE_NAME ""
#define PACKAGE_TARNAME ""
#define PACKAGE_VERSION ""
#define PACKAGE_STRING ""
#define PACKAGE_BUGREPORT ""
#define PACKAGE_URL ""
#define PACKAGE "resid"
#define VERSION "0.16vice"
#define HAVE_STDIO_H 1
#define HAVE_STDLIB_H 1
#define HAVE_STRING_H 1
#define HAVE_INTTYPES_H 1
#define HAVE_STDINT_H 1
#define HAVE_STRINGS_H 1
#define HAVE_SYS_STAT_H 1
#define HAVE_SYS_TYPES_H 1
#define HAVE_UNISTD_H 1
#define STDC_HEADERS 1
#define SIZEOF_INT 4

configure: exit 
