This file contains any messages produced by compilers while
running configure, to aid debugging if configure makes a mistake.

It was created by reSID configure 1.0-pre2, which was
generated by GNU Autoconf 2.73.  Invocation command line was

  $ ./configure --prefix=/ucrt64 --disable-option-checking --host=i686-w64-mingw32 --enable-native-tools host_alias=i686-w64-mingw32 --disable-option-checking --srcdir=. --cache-file=/dev/null

## --------- ##
## Platform. ##
## --------- ##

hostname = LAPTOP-0BS9KNOH
uname -m = x86_64
uname -r = 3.6.9-01d6c708.x86_64
uname -s = MINGW64_NT-10.0-19045
uname -v = 2026-05-24 10:45 UTC

/usr/bin/uname -p = unknown
/bin/uname -X     = unknown

/bin/arch              = x86_64
/usr/bin/arch -k       = unknown
/usr/convex/getsysinfo = unknown
/usr/bin/hostinfo      = unknown
/bin/machine           = unknown
/usr/bin/oslevel       = unknown
/bin/universe          = unknown

PATH: /ucrt64/bin/
PATH: /usr/local/bin/
PATH: /usr/bin/
PATH: /bin/
PATH: /c/Windows/System32/
PATH: /c/Windows/
PATH: /c/Windows/System32/Wbem/
PATH: /c/Windows/System32/WindowsPowerShell/v1.0/
PATH: /usr/bin/site_perl/
PATH: /usr/bin/vendor_perl/
PATH: /usr/bin/core_perl/


## ----------- ##
## Core tests. ##
## ----------- ##

configure:2098: loading site script /etc/config.site
| # This file is in public domain.
| # Original author: Karlson2k (Evgeny Grin)
| # Written for MSys2 to help running 'configure' scripts
| 
| # Defaults for MSys2/MinGW64-targeted programs
| 
| # Set proper selfname on bash and fallback to default name on other shells
| test -n "${BASH_SOURCE}" 2>/dev/null && config_site_me="${BASH_SOURCE[0]##*/}" || config_site_me=config.site
| 
| # Set default 'host' to speedup configure
| if test -z "$build_alias"; then
|   build_alias="${MSYSTEM_CHOST}"  && \
|     ${as_echo-echo} "$config_site_me:${as_lineno-$LINENO}: default build_alias set to $build_alias" >&5
| fi
| 
| # Set default 'prefix'
| if ( test -z "$prefix" || test "x$prefix" = "xNONE" ) && \
|     ( test -z "$exec_prefix" || test "x$exec_prefix" = "xNONE" ); then
|   prefix="${MSYSTEM_PREFIX}" && \
|     ${as_echo-echo} "$config_site_me:${as_lineno-$LINENO}: default prefix set to $prefix" >&5
| fi
config.site:13: default build_alias set to x86_64-w64-mingw32
configure:2149: looking for aux files: config.guess config.sub missing install-sh
configure:2162:  trying ./
configure:2162:  trying ./../
configure:2162:  trying ./../../
configure:2191:   ./../../config.guess found
configure:2191:   ./../../config.sub found
configure:2191:   ./../../missing found
configure:2173:   ./../../install-sh found
configure:2346: checking for a BSD-compatible install
configure:2420: result: /usr/bin/install -c
configure:2431: checking whether sleep supports fractional seconds
configure:2447: result: yes
configure:2450: checking filesystem timestamp resolution
configure:2585: result: 0.01
configure:2590: checking whether build environment is sane
configure:2635: result: yes
configure:2701: checking for i686-w64-mingw32-strip
configure:2737: result: no
configure:2747: checking for strip
configure:2768: found /ucrt64/bin/strip
configure:2780: result: strip
configure:2806: checking for a race-free mkdir -p
configure:2849: result: /usr/bin/mkdir -p
configure:2856: checking for gawk
configure:2877: found /usr/bin/gawk
configure:2889: result: gawk
configure:2900: checking whether make sets $(MAKE)
configure:2924: result: yes
configure:2950: checking whether make supports nested variables
configure:2969: result: yes
configure:2983: checking xargs -n works
configure:2999: result: yes
configure:3084: checking whether UID '197609' is supported by ustar format
configure:3090: result: yes
configure:3097: checking whether GID '197121' is supported by ustar format
configure:3103: result: yes
configure:3111: checking how to create a ustar tar archive
configure:3122: tar --version
tar (GNU tar) 1.35
Copyright (C) 2023 Free Software Foundation, Inc.
License GPLv3+: GNU GPL version 3 or later <https://gnu.org/licenses/gpl.html>.
This is free software: you are free to change and redistribute it.
There is NO WARRANTY, to the extent permitted by law.

Written by John Gilmore and Jay Fenlason.
configure:3125: $? = 0
configure:3165: tardir=conftest.dir && eval tar --format=ustar -chf - "$tardir" >conftest.tar
configure:3168: $? = 0
configure:3172: tar -xf - <conftest.tar
configure:3175: $? = 0
configure:3177: cat conftest.dir/file
GrepMe
configure:3180: $? = 0
configure:3195: result: gnutar
configure:3241: checking build system type
configure:3257: result: x86_64-w64-mingw32
configure:3277: checking host system type
configure:3292: result: i686-w64-mingw32
configure:3313: checking for debugging
configure:3327: result: build without asserts
configure:3432: checking for i686-w64-mingw32-c++
configure:3468: result: no
configure:3432: checking for i686-w64-mingw32-g++
configure:3468: result: no
configure:3432: checking for i686-w64-mingw32-clang++
configure:3468: result: no
configure:3482: checking for c++
configure:3503: found /ucrt64/bin/c++
configure:3515: result: c++
configure:3542: checking for C++ compiler version
configure:3551: c++ --version >&5
c++.exe (Rev5, Built by MSYS2 project) 16.1.0
Copyright (C) 2026 Free Software Foundation, Inc.
This is free software; see the source for copying conditions.  There is NO
warranty; not even for MERCHANTABILITY or FITNESS FOR A PARTICULAR PURPOSE.

configure:3562: $? = 0
configure:3551: c++ -v >&5
Using built-in specs.
COLLECT_GCC=C:\msys64\ucrt64\bin\c++.exe
COLLECT_LTO_WRAPPER=C:/msys64/ucrt64/bin/../lib/gcc/x86_64-w64-mingw32/16.1.0/lto-wrapper.exe
Target: x86_64-w64-mingw32
Configured with: ../gcc-16.1.0/configure --prefix=/ucrt64 --with-local-prefix=/ucrt64/local --libexecdir=/ucrt64/lib --enable-bootstrap --enable-checking=release --with-arch=nocona --with-tune=generic --enable-mingw-wildcard --enable-languages=c,c++,ada,fortran,lto,objc,obj-c++,jit --enable-shared --enable-static --enable-libatomic --enable-threads=posix --enable-tls --enable-graphite --enable-fully-dynamic-string --enable-libstdcxx-backtrace=yes --enable-libstdcxx-filesystem-ts --enable-libstdcxx-time --disable-libstdcxx-pch --enable-libgomp --disable-libssp --disable-multilib --disable-rpath --disable-win32-registry --disable-nls --disable-werror --disable-symvers --with-libiconv --with-system-zlib --with-gmp=/ucrt64 --with-mpfr=/ucrt64 --with-mpc=/ucrt64 --with-isl=/ucrt64 --with-pkgversion='Rev5, Built by MSYS2 project' --with-bugurl=https://github.com/msys2/MINGW-packages/issues --with-gnu-as --with-gnu-ld --with-libstdcxx-zoneinfo=yes --disable-libstdcxx-debug --enable-lto --with-boot-ldflags=-static-libstdc++ --with-stage1-ldflags=-static-libstdc++
Thread model: posix
Supported LTO compression algorithms: zlib zstd
gcc version 16.1.0 (Rev5, Built by MSYS2 project) 
configure:3562: $? = 0
configure:3551: c++ -V >&5
c++.exe: error: unrecognized command-line option '-V'
c++.exe: fatal error: no input files
compilation terminated.
configure:3562: $? = 1
configure:3551: c++ -qversion >&5
c++.exe: error: unrecognized command-line option '-qversion'; did you mean '--version'?
c++.exe: fatal error: no input files
compilation terminated.
configure:3562: $? = 1
configure:3582: checking whether the C++ compiler works
configure:3604: c++    conftest.cpp  >&5
configure:3608: $? = 0
configure:3659: result: yes
configure:3663: checking for C++ compiler default output file name
configure:3665: result: a.exe
configure:3671: checking for suffix of executables
configure:3678: c++ -o conftest.exe    conftest.cpp  >&5
configure:3682: $? = 0
configure:3706: result: .exe
configure:3730: checking whether we are cross compiling
configure:3738: c++ -o conftest.exe    conftest.cpp  >&5
configure:3742: $? = 0
configure:3749: ./conftest.exe
configure:3753: $? = 0
configure:3768: result: no
configure:3774: checking for suffix of object files
configure:3797: c++ -c   conftest.cpp >&5
configure:3801: $? = 0
configure:3825: result: o
configure:3829: checking whether the compiler supports GNU C++
configure:3849: c++ -c   conftest.cpp >&5
configure:3849: $? = 0
configure:3861: result: yes
configure:3872: checking whether c++ accepts -g
configure:3893: c++ -c -g  conftest.cpp >&5
configure:3893: $? = 0
configure:3940: result: yes
configure:3966: checking whether make supports the include directive
configure:3981: make -f confmf.GNU && cat confinc.out
this is the am__doit target
configure:3984: $? = 0
configure:4003: result: yes (GNU style)
configure:4029: checking dependency style of c++
configure:4142: result: gcc3
configure:4162: checking if the compiler supports -march=native
configure:4178: c++ -c -g -O2 -march=native  conftest.cpp >&5
configure:4178: $? = 0
configure:4180: result: yes
configure:4227: checking whether g++ accepts -g -Wall -O3 -march=native -fno-exceptions
configure:4233: c++ -c -g -Wall -O3 -march=native -fno-exceptions  conftest.cpp >&5
configure:4233: $? = 0
configure:4235: result: yes
configure:4288: checking for ar
configure:4309: found /ucrt64/bin/ar
configure:4322: result: ar
configure:4333: checking for i686-w64-mingw32-ranlib
configure:4369: result: no
configure:4379: checking for ranlib
configure:4400: found /ucrt64/bin/ranlib
configure:4412: result: ranlib
configure:4436: checking for perl
configure:4459: found /usr/bin/perl
configure:4472: result: /usr/bin/perl
configure:4486: checking for stdio.h
configure:4486: c++ -c -g -Wall -O3 -march=native -fno-exceptions  conftest.cpp >&5
configure:4486: $? = 0
configure:4486: result: yes
configure:4486: checking for stdlib.h
configure:4486: c++ -c -g -Wall -O3 -march=native -fno-exceptions  conftest.cpp >&5
configure:4486: $? = 0
configure:4486: result: yes
configure:4486: checking for string.h
configure:4486: c++ -c -g -Wall -O3 -march=native -fno-exceptions  conftest.cpp >&5
configure:4486: $? = 0
configure:4486: result: yes
configure:4486: checking for inttypes.h
configure:4486: c++ -c -g -Wall -O3 -march=native -fno-exceptions  conftest.cpp >&5
configure:4486: $? = 0
configure:4486: result: yes
configure:4486: checking for stdint.h
configure:4486: c++ -c -g -Wall -O3 -march=native -fno-exceptions  conftest.cpp >&5
configure:4486: $? = 0
configure:4486: result: yes
configure:4486: checking for strings.h
configure:4486: c++ -c -g -Wall -O3 -march=native -fno-exceptions  conftest.cpp >&5
configure:4486: $? = 0
configure:4486: result: yes
configure:4486: checking for sys/stat.h
configure:4486: c++ -c -g -Wall -O3 -march=native -fno-exceptions  conftest.cpp >&5
configure:4486: $? = 0
configure:4486: result: yes
configure:4486: checking for sys/types.h
configure:4486: c++ -c -g -Wall -O3 -march=native -fno-exceptions  conftest.cpp >&5
configure:4486: $? = 0
configure:4486: result: yes
configure:4486: checking for unistd.h
configure:4486: c++ -c -g -Wall -O3 -march=native -fno-exceptions  conftest.cpp >&5
configure:4486: $? = 0
configure:4486: result: yes
configure:4511: checking for math.h
configure:4511: c++ -c -g -Wall -O3 -march=native -fno-exceptions  conftest.cpp >&5
configure:4511: $? = 0
configure:4511: result: yes
configure:4525: checking size of int
configure:4531: c++ -o conftest.exe -g -Wall -O3 -march=native -fno-exceptions   conftest.cpp  >&5
configure:4531: $? = 0
configure:4531: ./conftest.exe
configure:4531: $? = 0
configure:4541: result: 4
configure:4555: checking for working bool
configure:4565: c++ -c -g -Wall -O3 -march=native -fno-exceptions  conftest.cpp >&5
configure:4565: $? = 0
configure:4575: result: yes
configure:4588: checking for __builtin_expect
configure:4598: c++ -c -g -Wall -O3 -march=native -fno-exceptions  conftest.cpp >&5
conftest.cpp: In function 'int main()':
conftest.cpp:22:30: warning: statement has no effect [-Wunused-value]
   22 | int main() { __builtin_expect(0, 0); }
      |              ~~~~~~~~~~~~~~~~^~~~~~
configure:4598: $? = 0
configure:4608: result: yes
configure:4621: checking for log1p
configure:4638: c++ -c -g -Wall -O3 -march=native -fno-exceptions  conftest.cpp >&5
configure:4638: $? = 0
configure:4648: result: yes
configure:4769: checking that generated files are newer than configure
configure:4775: result: done
configure:4822: creating ./config.status

## ---------------------- ##
## Running config.status. ##
## ---------------------- ##

This file was extended by reSID config.status 1.0-pre2, which was
generated by GNU Autoconf 2.73.  Invocation command line was

  CONFIG_FILES    = 
  CONFIG_HEADERS  = 
  CONFIG_LINKS    = 
  CONFIG_COMMANDS = 
  $ ./config.status 

on LAPTOP-0BS9KNOH

config.status:780: creating Makefile
config.status:780: creating siddefs.h
config.status:952: executing depfiles commands
config.status:1027: cd .       && sed -e '/# am--include-marker/d' Makefile         | make -f - am--depfiles
config.status:1034: $? = 0

## ---------------- ##
## Cache variables. ##
## ---------------- ##

ac_cv_build=x86_64-w64-mingw32
ac_cv_cxx_compiler_gnu=yes
ac_cv_env_CCC_set=
ac_cv_env_CCC_value=
ac_cv_env_CPPFLAGS_set=
ac_cv_env_CPPFLAGS_value=
ac_cv_env_CXXFLAGS_set=
ac_cv_env_CXXFLAGS_value=
ac_cv_env_CXX_set=
ac_cv_env_CXX_value=
ac_cv_env_LDFLAGS_set=
ac_cv_env_LDFLAGS_value=
ac_cv_env_LIBS_set=
ac_cv_env_LIBS_value=
ac_cv_env_build_alias_set=
ac_cv_env_build_alias_value=
ac_cv_env_host_alias_set=set
ac_cv_env_host_alias_value=i686-w64-mingw32
ac_cv_env_target_alias_set=
ac_cv_env_target_alias_value=
ac_cv_exeext=.exe
ac_cv_header_inttypes_h=yes
ac_cv_header_math_h=yes
ac_cv_header_stdint_h=yes
ac_cv_header_stdio_h=yes
ac_cv_header_stdlib_h=yes
ac_cv_header_string_h=yes
ac_cv_header_strings_h=yes
ac_cv_header_sys_stat_h=yes
ac_cv_header_sys_types_h=yes
ac_cv_header_unistd_h=yes
ac_cv_host=i686-w64-mingw32
ac_cv_objext=o
ac_cv_path_PERL=/usr/bin/perl
ac_cv_path_install='/usr/bin/install -c'
ac_cv_path_mkdir=/usr/bin/mkdir
ac_cv_prog_AR=ar
ac_cv_prog_AWK=gawk
ac_cv_prog_ac_ct_CXX=c++
ac_cv_prog_ac_ct_RANLIB=ranlib
ac_cv_prog_ac_ct_STRIP=strip
ac_cv_prog_cxx_g=yes
ac_cv_prog_make_make_set=yes
ac_cv_sizeof_int=4
am_cv_CXX_dependencies_compiler_type=gcc3
am_cv_filesystem_timestamp_resolution=0.01
am_cv_make_support_nested_variables=yes
am_cv_prog_tar_ustar=gnutar
am_cv_sleep_fractional_seconds=yes
am_cv_xargs_n_works=yes
resid_cv_builtin_expect=yes
resid_cv_cxx_bool=yes
resid_cv_log1p=yes

## ----------------- ##
## Output variables. ##
## ----------------- ##

ACLOCAL='${SHELL} '\''/home/crystal/vice/vice/missing'\'' aclocal-1.18'
AMDEPBACKSLASH='\'
AMDEP_FALSE='#'
AMDEP_TRUE=''
AMTAR='$${TAR-tar}'
AM_BACKSLASH='\'
AM_DEFAULT_V='$(AM_DEFAULT_VERBOSITY)'
AM_DEFAULT_VERBOSITY='1'
AM_V='$(V)'
AR='ar'
ARFLAGS='cr'
AR_FLAGS='cr'
AUTOCONF='${SHELL} '\''/home/crystal/vice/vice/missing'\'' autoconf'
AUTOHEADER='${SHELL} '\''/home/crystal/vice/vice/missing'\'' autoheader'
AUTOMAKE='${SHELL} '\''/home/crystal/vice/vice/missing'\'' automake-1.18'
AWK='gawk'
CPPFLAGS=''
CSCOPE='cscope'
CTAGS='ctags'
CXX='c++'
CXXDEPMODE='depmode=gcc3'
CXXFLAGS='-g -Wall -O3 -march=native -fno-exceptions'
CYGPATH_W='cygpath -w'
DEFS='-DPACKAGE_NAME=\"reSID\" -DPACKAGE_TARNAME=\"resid\" -DPACKAGE_VERSION=\"1.0-pre2\" -DPACKAGE_STRING=\"reSID\ 1.0-pre2\" -DPACKAGE_BUGREPORT=\"resid@nimrod.no\" -DPACKAGE_URL=\"\" -DPACKAGE=\"resid\" -DVERSION=\"1.0-pre2\" -DHAVE_STDIO_H=1 -DHAVE_STDLIB_H=1 -DHAVE_STRING_H=1 -DHAVE_INTTYPES_H=1 -DHAVE_STDINT_H=1 -DHAVE_STRINGS_H=1 -DHAVE_SYS_STAT_H=1 -DHAVE_SYS_TYPES_H=1 -DHAVE_UNISTD_H=1 -DSTDC_HEADERS=1 -DSIZEOF_INT=4'
DEPDIR='.deps'
ECHO_C=''
ECHO_N='-n'
ECHO_T=''
ETAGS='etags'
EXEEXT='.exe'
HAVE_BOOL='1'
HAVE_BUILTIN_EXPECT='1'
HAVE_LOG1P='1'
INSTALL_DATA='${INSTALL} -m 644'
INSTALL_PROGRAM='${INSTALL}'
INSTALL_SCRIPT='${INSTALL}'
INSTALL_STRIP_PROGRAM='$(install_sh) -c -s'
LDFLAGS=''
LIBOBJS=''
LIBS=''
LTLIBOBJS=''
MAKEINFO='${SHELL} '\''/home/crystal/vice/vice/missing'\'' makeinfo'
MKDIR_P='/usr/bin/mkdir -p'
NEW_8580_FILTER='1'
NEW_8580_FILTER_FALSE='#'
NEW_8580_FILTER_TRUE=''
OBJEXT='o'
PACKAGE='resid'
PACKAGE_BUGREPORT='resid@nimrod.no'
PACKAGE_NAME='reSID'
PACKAGE_STRING='reSID 1.0-pre2'
PACKAGE_TARNAME='resid'
PACKAGE_URL=''
PACKAGE_VERSION='1.0-pre2'
PATH_SEPARATOR=':'
PERL='/usr/bin/perl'
RANLIB='ranlib'
RESID_BRANCH_HINTS='1'
RESID_CPPFLAGS='-DNDEBUG'
RESID_INLINE='inline'
RESID_INLINING='1'
SET_MAKE=''
SHELL='/bin/sh'
STRIP='strip'
VERSION='1.0-pre2'
ac_ct_CXX='c++'
am__EXEEXT_FALSE='#'
am__EXEEXT_TRUE=''
am__fastdepCXX_FALSE='#'
am__fastdepCXX_TRUE=''
am__include='include'
am__isrc=''
am__leading_dot='.'
am__nodep='_no'
am__quote=''
am__rm_f_notfound=''
am__tar='tar --format=ustar -chf - "$$tardir"'
am__untar='tar -xf -'
am__xargs_n='xargs -n'
bindir='${exec_prefix}/bin'
build='x86_64-w64-mingw32'
build_alias='x86_64-w64-mingw32'
build_cpu='x86_64'
build_os='mingw32'
build_vendor='w64'
datadir='${datarootdir}'
datarootdir='${prefix}/share'
docdir='${datarootdir}/doc/${PACKAGE_TARNAME}'
dvidir='${docdir}'
exec_prefix='${prefix}'
host='i686-w64-mingw32'
host_alias='i686-w64-mingw32'
host_cpu='i686'
host_os='mingw32'
host_vendor='w64'
htmldir='${docdir}'
includedir='${prefix}/include'
infodir='${datarootdir}/info'
install_sh='${SHELL} /home/crystal/vice/vice/install-sh'
libdir='${exec_prefix}/lib'
libexecdir='${exec_prefix}/libexec'
localedir='${datarootdir}/locale'
localstatedir='${prefix}/var'
mandir='${datarootdir}/man'
mkdir_p='$(MKDIR_P)'
oldincludedir='/usr/include'
pdfdir='${docdir}'
prefix='/ucrt64'
program_transform_name='s,x,x,'
psdir='${docdir}'
runstatedir='${localstatedir}/run'
sbindir='${exec_prefix}/sbin'
sharedstatedir='${prefix}/com'
sysconfdir='${prefix}/etc'
target_alias=''

## ----------- ##
## confdefs.h. ##
## ----------- ##

/* confdefs.h */
#define PACKAGE_NAME "reSID"
#define PACKAGE_TARNAME "resid"
#define PACKAGE_VERSION "1.0-pre2"
#define PACKAGE_STRING "reSID 1.0-pre2"
#define PACKAGE_BUGREPORT "resid@nimrod.no"
#define PACKAGE_URL ""
#define PACKAGE "resid"
#define VERSION "1.0-pre2"
#define HAVE_STDIO_H 1
#define HAVE_STDLIB_H 1
#define HAVE_STRING_H 1
#define HAVE_INTTYPES_H 1
#define HAVE_STDINT_H 1
#define HAVE_STRINGS_H 1
#define HAVE_SYS_STAT_H 1
#define HAVE_SYS_TYPES_H 1
#define HAVE_UNISTD_H 1
#define STDC_HEADERS 1
#define SIZEOF_INT 4

configure: exit 
